Component: ARM Compiler 5.06 update 7 (build 960) Tool: armlink [4d3601]

==============================================================================

Section Cross References

    main.o(i.assert_nrf_callback) refers to app_error.o(i.app_error_handler) for app_error_handler
    main.o(i.ble_evt_dispatch) refers to ble_conn_params.o(i.ble_conn_params_on_ble_evt) for ble_conn_params_on_ble_evt
    main.o(i.ble_evt_dispatch) refers to ble_nus.o(i.ble_nus_on_ble_evt) for ble_nus_on_ble_evt
    main.o(i.ble_evt_dispatch) refers to main.o(i.on_ble_evt) for on_ble_evt
    main.o(i.ble_evt_dispatch) refers to ble_advertising.o(i.ble_advertising_on_ble_evt) for ble_advertising_on_ble_evt
    main.o(i.ble_evt_dispatch) refers to bsp_btn_ble.o(i.bsp_btn_ble_on_ble_evt) for bsp_btn_ble_on_ble_evt
    main.o(i.ble_evt_dispatch) refers to main.o(.bss) for .bss
    main.o(i.bsp_event_handler) refers to main.o(i.sleep_mode_enter) for sleep_mode_enter
    main.o(i.bsp_event_handler) refers to app_error.o(i.app_error_handler_bare) for app_error_handler_bare
    main.o(i.bsp_event_handler) refers to ble_advertising.o(i.ble_advertising_restart_without_whitelist) for ble_advertising_restart_without_whitelist
    main.o(i.bsp_event_handler) refers to main.o(.data) for .data
    main.o(i.conn_params_error_handler) refers to app_error.o(i.app_error_handler_bare) for app_error_handler_bare
    main.o(i.main) refers to app_timer.o(i.app_timer_init) for app_timer_init
    main.o(i.main) refers to app_error.o(i.app_error_handler_bare) for app_error_handler_bare
    main.o(i.main) refers to memcpya.o(.text) for __aeabi_memcpy4
    main.o(i.main) refers to app_uart_fifo.o(i.app_uart_init) for app_uart_init
    main.o(i.main) refers to bsp.o(i.bsp_init) for bsp_init
    main.o(i.main) refers to bsp_btn_ble.o(i.bsp_btn_ble_init) for bsp_btn_ble_init
    main.o(i.main) refers to softdevice_handler.o(i.softdevice_handler_init) for softdevice_handler_init
    main.o(i.main) refers to softdevice_handler.o(i.softdevice_enable_get_default_config) for softdevice_enable_get_default_config
    main.o(i.main) refers to softdevice_handler.o(i.softdevice_enable) for softdevice_enable
    main.o(i.main) refers to softdevice_handler.o(i.softdevice_ble_evt_handler_set) for softdevice_ble_evt_handler_set
    main.o(i.main) refers to strlen.o(.text) for strlen
    main.o(i.main) refers to ble_nus.o(i.ble_nus_init) for ble_nus_init
    main.o(i.main) refers to memseta.o(.text) for __aeabi_memclr4
    main.o(i.main) refers to ble_advertising.o(i.ble_advertising_init) for ble_advertising_init
    main.o(i.main) refers to ble_conn_params.o(i.ble_conn_params_init) for ble_conn_params_init
    main.o(i.main) refers to printfb.o(i.__0printf$bare) for __2printf
    main.o(i.main) refers to ble_advertising.o(i.ble_advertising_start) for ble_advertising_start
    main.o(i.main) refers to main.o(.bss) for .bss
    main.o(i.main) refers to main.o(.constdata) for .constdata
    main.o(i.main) refers to main.o(i.uart_event_handle) for uart_event_handle
    main.o(i.main) refers to main.o(i.bsp_event_handler) for bsp_event_handler
    main.o(i.main) refers to main.o(i.ble_evt_dispatch) for ble_evt_dispatch
    main.o(i.main) refers to main.o(.data) for .data
    main.o(i.main) refers to main.o(i.nus_data_handler) for nus_data_handler
    main.o(i.main) refers to main.o(i.on_adv_evt) for on_adv_evt
    main.o(i.main) refers to main.o(i.on_conn_params_evt) for on_conn_params_evt
    main.o(i.main) refers to main.o(i.conn_params_error_handler) for conn_params_error_handler
    main.o(i.nus_data_handler) refers to app_uart_fifo.o(i.app_uart_put) for app_uart_put
    main.o(i.on_adv_evt) refers to bsp.o(i.bsp_indication_set) for bsp_indication_set
    main.o(i.on_adv_evt) refers to app_error.o(i.app_error_handler_bare) for app_error_handler_bare
    main.o(i.on_adv_evt) refers to main.o(i.sleep_mode_enter) for sleep_mode_enter
    main.o(i.on_ble_evt) refers to ble_advertising.o(i.ble_advertising_restart_without_whitelist) for ble_advertising_restart_without_whitelist
    main.o(i.on_ble_evt) refers to bsp.o(i.bsp_indication_set) for bsp_indication_set
    main.o(i.on_ble_evt) refers to app_error.o(i.app_error_handler_bare) for app_error_handler_bare
    main.o(i.on_ble_evt) refers to memcpya.o(.text) for __aeabi_memcpy
    main.o(i.on_ble_evt) refers to main.o(.data) for .data
    main.o(i.on_conn_params_evt) refers to app_error.o(i.app_error_handler_bare) for app_error_handler_bare
    main.o(i.on_conn_params_evt) refers to main.o(.data) for .data
    main.o(i.sleep_mode_enter) refers to bsp.o(i.bsp_indication_set) for bsp_indication_set
    main.o(i.sleep_mode_enter) refers to app_error.o(i.app_error_handler_bare) for app_error_handler_bare
    main.o(i.sleep_mode_enter) refers to bsp_btn_ble.o(i.bsp_btn_ble_sleep_mode_prepare) for bsp_btn_ble_sleep_mode_prepare
    main.o(i.uart_event_handle) refers to app_error.o(i.app_error_handler_bare) for app_error_handler_bare
[...]
    i.ble_nus_init                           0x0001c118   Section        0  ble_nus.o(i.ble_nus_init)
    i.ble_nus_on_ble_evt                     0x0001c180   Section        0  ble_nus.o(i.ble_nus_on_ble_evt)
    i.ble_nus_string_send                    0x0001c1dc   Section        0  ble_nus.o(i.ble_nus_string_send)
    i.ble_srv_is_notification_enabled        0x0001c230   Section        0  ble_srv_common.o(i.ble_srv_is_notification_enabled)
    i.bsp_board_button_idx_to_pin            0x0001c240   Section        0  boards.o(i.bsp_board_button_idx_to_pin)
    i.bsp_board_button_state_get             0x0001c24c   Section        0  boards.o(i.bsp_board_button_state_get)
    i.bsp_board_led_invert                   0x0001c26c   Section        0  boards.o(i.bsp_board_led_invert)
    i.bsp_board_led_off                      0x0001c28c   Section        0  boards.o(i.bsp_board_led_off)
    i.bsp_board_led_on                       0x0001c2a0   Section        0  boards.o(i.bsp_board_led_on)
    i.bsp_board_led_state_get                0x0001c2b4   Section        0  boards.o(i.bsp_board_led_state_get)
    i.bsp_board_leds_init                    0x0001c2d4   Section        0  boards.o(i.bsp_board_leds_init)
    i.bsp_board_leds_off                     0x0001c2fc   Section        0  boards.o(i.bsp_board_leds_off)
    i.bsp_board_leds_on                      0x0001c30e   Section        0  boards.o(i.bsp_board_leds_on)
    i.bsp_board_pin_to_button_idx            0x0001c320   Section        0  boards.o(i.bsp_board_pin_to_button_idx)
    i.bsp_btn_ble_init                       0x0001c344   Section        0  bsp_btn_ble.o(i.bsp_btn_ble_init)
    i.bsp_btn_ble_on_ble_evt                 0x0001c384   Section        0  bsp_btn_ble.o(i.bsp_btn_ble_on_ble_evt)
    i.bsp_btn_ble_sleep_mode_prepare         0x0001c3fc   Section        0  bsp_btn_ble.o(i.bsp_btn_ble_sleep_mode_prepare)
    i.bsp_button_event_handler               0x0001c420   Section        0  bsp.o(i.bsp_button_event_handler)
    bsp_button_event_handler                 0x0001c421   Thumb Code   134  bsp.o(i.bsp_button_event_handler)
    i.bsp_button_is_pressed                  0x0001c4b4   Section        0  bsp.o(i.bsp_button_is_pressed)
    i.bsp_event_handler                      0x0001c4bc   Section        0  main.o(i.bsp_event_handler)
    i.bsp_event_to_button_action_assign      0x0001c500   Section        0  bsp.o(i.bsp_event_to_button_action_assign)
    i.bsp_indication_set                     0x0001c548   Section        0  bsp.o(i.bsp_indication_set)
    i.bsp_init                               0x0001c564   Section        0  bsp.o(i.bsp_init)
    i.bsp_led_indication                     0x0001c5fc   Section        0  bsp.o(i.bsp_led_indication)
    bsp_led_indication                       0x0001c5fd   Thumb Code   376  bsp.o(i.bsp_led_indication)
    i.bsp_wakeup_button_enable               0x0001c77c   Section        0  bsp.o(i.bsp_wakeup_button_enable)
    i.button_timer_handler                   0x0001c78c   Section        0  bsp.o(i.button_timer_handler)
    button_timer_handler                     0x0001c78d   Thumb Code    12  bsp.o(i.button_timer_handler)
    i.channel_free                           0x0001c798   Section        0  nrf_drv_gpiote.o(i.channel_free)
    channel_free                             0x0001c799   Thumb Code    22  nrf_drv_gpiote.o(i.channel_free)
    i.channel_port_alloc                     0x0001c7b4   Section        0  nrf_drv_gpiote.o(i.channel_port_alloc)
    channel_port_alloc                       0x0001c7b5   Thumb Code    66  nrf_drv_gpiote.o(i.channel_port_alloc)
    i.channel_port_get                       0x0001c7fc   Section        0  nrf_drv_gpiote.o(i.channel_port_get)
    channel_port_get                         0x0001c7fd   Thumb Code    10  nrf_drv_gpiote.o(i.channel_port_get)
    i.check_config                           0x0001c80c   Section        0  fstorage.o(i.check_config)
    check_config                             0x0001c80d   Thumb Code    24  fstorage.o(i.check_config)
    i.clock_clk_started_notify               0x0001c82c   Section        0  nrf_drv_clock.o(i.clock_clk_started_notify)
    clock_clk_started_notify                 0x0001c82d   Thumb Code    34  nrf_drv_clock.o(i.clock_clk_started_notify)
    i.compare_reg_update                     0x0001c854   Section        0  app_timer.o(i.compare_reg_update)
    compare_reg_update                       0x0001c855   Thumb Code   142  app_timer.o(i.compare_reg_update)
    i.conn_int_encode                        0x0001c8fc   Section        0  ble_advdata.o(i.conn_int_encode)
    conn_int_encode                          0x0001c8fd   Thumb Code   130  ble_advdata.o(i.conn_int_encode)
    i.conn_params_error_handler              0x0001c984   Section        0  main.o(i.conn_params_error_handler)
    conn_params_error_handler                0x0001c985   Thumb Code     8  main.o(i.conn_params_error_handler)
    i.conn_params_negotiation                0x0001c98c   Section        0  ble_conn_params.o(i.conn_params_negotiation)
    conn_params_negotiation                  0x0001c98d   Thumb Code    92  ble_conn_params.o(i.conn_params_negotiation)
    i.delete_execute                         0x0001c9f4   Section        0  fds.o(i.delete_execute)
    delete_execute                           0x0001c9f5   Thumb Code   130  fds.o(i.delete_execute)
    i.detection_delay_timeout_handler        0x0001ca80   Section        0  app_button.o(i.detection_delay_timeout_handler)
    detection_delay_timeout_handler          0x0001ca81   Thumb Code    90  app_button.o(i.detection_delay_timeout_handler)
    i.elapsed_ticks_acquire                  0x0001cae0   Section        0  app_timer.o(i.elapsed_ticks_acquire)
    elapsed_ticks_acquire                    0x0001cae1   Thumb Code    58  app_timer.o(i.elapsed_ticks_acquire)
    i.event_prepare                          0x0001cb20   Section        0  fds.o(i.event_prepare)
    event_prepare                            0x0001cb21   Thumb Code   106  fds.o(i.event_prepare)
    i.event_send                             0x0001cb8c   Section        0  fds.o(i.event_send)
    event_send                               0x0001cb8d   Thumb Code    28  fds.o(i.event_send)
    i.fifo_get                               0x0001cbac   Section        0  app_fifo.o(i.fifo_get)
    fifo_get                                 0x0001cbad   Thumb Code    20  app_fifo.o(i.fifo_get)
    i.fifo_put                               0x0001cbc0   Section        0  app_fifo.o(i.fifo_put)
    fifo_put                                 0x0001cbc1   Thumb Code    18  app_fifo.o(i.fifo_put)
    i.flag_clear                             0x0001cbd4   Section        0  fds.o(i.flag_clear)
    flag_clear                               0x0001cbd5   Thumb Code    10  fds.o(i.flag_clear)
    i.flag_set                               0x0001cbe4   Section        0  fds.o(i.flag_set)
    flag_set                                 0x0001cbe5   Thumb Code    10  fds.o(i.flag_set)
    i.fputc                                  0x0001cbf4   Section        0  retarget.o(i.fputc)
    i.fs_erase                               0x0001cc04   Section        0  fstorage.o(i.fs_erase)
    i.fs_event_handler                       0x0001cc80   Section        0  fds.o(i.fs_event_handler)
    fs_event_handler                         0x0001cc81   Thumb Code    10  fds.o(i.fs_event_handler)
    i.fs_queued_op_count_get                 0x0001cc8c   Section        0  fstorage.o(i.fs_queued_op_count_get)
    i.fs_store                               0x0001cca4   Section        0  fstorage.o(i.fs_store)
    i.gc_execute                             0x0001cd28   Section        0  fds.o(i.gc_execute)
    gc_execute                               0x0001cd29   Thumb Code   108  fds.o(i.gc_execute)
    i.gc_next_page                           0x0001cd98   Section        0  fds.o(i.gc_next_page)
    gc_next_page                             0x0001cd99   Thumb Code    66  fds.o(i.gc_next_page)
    i.gc_page_erase                          0x0001cde4   Section        0  fds.o(i.gc_page_erase)
    gc_page_erase                            0x0001cde5   Thumb Code    62  fds.o(i.gc_page_erase)
    i.gc_record_copy                         0x0001ce30   Section        0  fds.o(i.gc_record_copy)
    gc_record_copy                           0x0001ce31   Thumb Code    38  fds.o(i.gc_record_copy)
    i.gc_record_find_next                    0x0001ce64   Section        0  fds.o(i.gc_record_find_next)
    gc_record_find_next                      0x0001ce65   Thumb Code    28  fds.o(i.gc_record_find_next)
    i.gc_state_advance                       0x0001ce84   Section        0  fds.o(i.gc_state_advance)
    gc_state_advance                         0x0001ce85   Thumb Code   118  fds.o(i.gc_state_advance)
    i.gpiote_event_handler                   0x0001cf04   Section        0  app_button.o(i.gpiote_event_handler)
    gpiote_event_handler                     0x0001cf05   Thumb Code    72  app_button.o(i.gpiote_event_handler)
    i.header_is_valid                        0x0001cf54   Section        0  fds.o(i.header_is_valid)
    header_is_valid                          0x0001cf55   Thumb Code    22  fds.o(i.header_is_valid)
    i.init_execute                           0x0001cf70   Section        0  fds.o(i.init_execute)
    init_execute                             0x0001cf71   Thumb Code   174  fds.o(i.init_execute)
    i.intern_softdevice_events_execute       0x0001d030   Section        0  softdevice_handler.o(i.intern_softdevice_events_execute)
    i.is_conn_params_ok                      0x0001d0b0   Section        0  ble_conn_params.o(i.is_conn_params_ok)
    is_conn_params_ok                        0x0001d0b1   Thumb Code    24  ble_conn_params.o(i.is_conn_params_ok)
    i.is_manual_peripheral_setup_needed      0x0001d0cc   Section        0  system_nrf51.o(i.is_manual_peripheral_setup_needed)
    is_manual_peripheral_setup_needed        0x0001d0cd   Thumb Code    66  system_nrf51.o(i.is_manual_peripheral_setup_needed)
    i.is_word_aligned                        0x0001d114   Section        0  fds.o(i.is_word_aligned)
    is_word_aligned                          0x0001d115   Thumb Code    12  fds.o(i.is_word_aligned)
    i.leds_timer_handler                     0x0001d120   Section        0  bsp.o(i.leds_timer_handler)
    leds_timer_handler                       0x0001d121   Thumb Code    18  bsp.o(i.leds_timer_handler)
    i.list_deletions_handler                 0x0001d138   Section        0  app_timer.o(i.list_deletions_handler)
    list_deletions_handler                   0x0001d139   Thumb Code   162  app_timer.o(i.list_deletions_handler)
    i.list_insertions_handler                0x0001d1e4   Section        0  app_timer.o(i.list_insertions_handler)
    list_insertions_handler                  0x0001d1e5   Thumb Code   178  app_timer.o(i.list_insertions_handler)
    i.main                                   0x0001d2a0   Section        0  main.o(i.main)
    i.manuf_specific_data_encode             0x0001d49c   Section        0  ble_advdata.o(i.manuf_specific_data_encode)
    manuf_specific_data_encode               0x0001d49d   Thumb Code   104  ble_advdata.o(i.manuf_specific_data_encode)
    i.name_encode                            0x0001d504   Section        0  ble_advdata.o(i.name_encode)
    name_encode                              0x0001d505   Thumb Code   158  ble_advdata.o(i.name_encode)
    i.nrf_bitmask_bit_is_set                 0x0001d5a2   Section        0  nrf_drv_gpiote.o(i.nrf_bitmask_bit_is_set)
    nrf_bitmask_bit_is_set                   0x0001d5a3   Thumb Code    16  nrf_drv_gpiote.o(i.nrf_bitmask_bit_is_set)
    i.nrf_clock_event_check                  0x0001d5b2   Section        0  nrf_drv_clock.o(i.nrf_clock_event_check)
    nrf_clock_event_check                    0x0001d5b3   Thumb Code    16  nrf_drv_clock.o(i.nrf_clock_event_check)
    i.nrf_delay_us                           0x0001d5c4   Section        0  app_timer.o(i.nrf_delay_us)
    nrf_delay_us                             0x0001d5c5   Thumb Code    38  app_timer.o(i.nrf_delay_us)
    i.nrf_drv_clock_init                     0x0001d5f4   Section        0  nrf_drv_clock.o(i.nrf_drv_clock_init)
    i.nrf_drv_clock_on_sd_enable             0x0001d63c   Section        0  nrf_drv_clock.o(i.nrf_drv_clock_on_sd_enable)
    i.nrf_drv_clock_on_soc_event             0x0001d670   Section        0  nrf_drv_clock.o(i.nrf_drv_clock_on_soc_event)
    i.nrf_drv_common_irq_enable              0x0001d67c   Section        0  nrf_drv_common.o(i.nrf_drv_common_irq_enable)
    i.nrf_drv_gpiote_in_event_enable         0x0001d6dc   Section        0  nrf_drv_gpiote.o(i.nrf_drv_gpiote_in_event_enable)
    i.nrf_drv_gpiote_in_init                 0x0001d774   Section        0  nrf_drv_gpiote.o(i.nrf_drv_gpiote_in_init)
    i.nrf_drv_gpiote_in_is_set               0x0001d81c   Section        0  nrf_drv_gpiote.o(i.nrf_drv_gpiote_in_is_set)
    i.nrf_drv_gpiote_init                    0x0001d830   Section        0  nrf_drv_gpiote.o(i.nrf_drv_gpiote_init)
    i.nrf_drv_gpiote_is_init                 0x0001d88c   Section        0  nrf_drv_gpiote.o(i.nrf_drv_gpiote_is_init)
    i.nrf_drv_uart_init                      0x0001d89c   Section        0  nrf_drv_uart.o(i.nrf_drv_uart_init)
    i.nrf_drv_uart_rx                        0x0001d91c   Section        0  nrf_drv_uart.o(i.nrf_drv_uart_rx)
    i.nrf_drv_uart_rx_enable                 0x0001d978   Section        0  nrf_drv_uart.o(i.nrf_drv_uart_rx_enable)
    i.nrf_drv_uart_rx_for_uart               0x0001d9a4   Section        0  nrf_drv_uart.o(i.nrf_drv_uart_rx_for_uart)
    nrf_drv_uart_rx_for_uart                 0x0001d9a5   Thumb Code   164  nrf_drv_uart.o(i.nrf_drv_uart_rx_for_uart)
    i.nrf_drv_uart_tx                        0x0001da4c   Section        0  nrf_drv_uart.o(i.nrf_drv_uart_tx)
    i.nrf_drv_uart_tx_for_uart               0x0001da80   Section        0  nrf_drv_uart.o(i.nrf_drv_uart_tx_for_uart)
    nrf_drv_uart_tx_for_uart                 0x0001da81   Thumb Code   134  nrf_drv_uart.o(i.nrf_drv_uart_tx_for_uart)
    i.nrf_drv_uart_tx_in_progress            0x0001db0c   Section        0  nrf_drv_uart.o(i.nrf_drv_uart_tx_in_progress)
    i.nrf_gpio_cfg                           0x0001db24   Section        0  boards.o(i.nrf_gpio_cfg)
    nrf_gpio_cfg                             0x0001db25   Thumb Code    40  boards.o(i.nrf_gpio_cfg)
    i.nrf_gpio_cfg                           0x0001db4c   Section        0  nrf_drv_gpiote.o(i.nrf_gpio_cfg)
    nrf_gpio_cfg                             0x0001db4d   Thumb Code    40  nrf_drv_gpiote.o(i.nrf_gpio_cfg)
    i.nrf_gpio_cfg                           0x0001db74   Section        0  nrf_drv_uart.o(i.nrf_gpio_cfg)
    nrf_gpio_cfg                             0x0001db75   Thumb Code    40  nrf_drv_uart.o(i.nrf_gpio_cfg)
    i.nrf_gpio_cfg_input                     0x0001db9c   Section        0  nrf_drv_uart.o(i.nrf_gpio_cfg_input)
    nrf_gpio_cfg_input                       0x0001db9d   Thumb Code    18  nrf_drv_uart.o(i.nrf_gpio_cfg_input)
    i.nrf_gpio_cfg_output                    0x0001dbae   Section        0  nrf_drv_uart.o(i.nrf_gpio_cfg_output)
    nrf_gpio_cfg_output                      0x0001dbaf   Thumb Code    20  nrf_drv_uart.o(i.nrf_gpio_cfg_output)
    i.nrf_gpio_cfg_sense_set                 0x0001dbc2   Section        0  bsp.o(i.nrf_gpio_cfg_sense_set)
    nrf_gpio_cfg_sense_set                   0x0001dbc3   Thumb Code    34  bsp.o(i.nrf_gpio_cfg_sense_set)
    i.nrf_gpio_cfg_sense_set                 0x0001dbe4   Section        0  nrf_drv_gpiote.o(i.nrf_gpio_cfg_sense_set)
    nrf_gpio_cfg_sense_set                   0x0001dbe5   Thumb Code    34  nrf_drv_gpiote.o(i.nrf_gpio_cfg_sense_set)
    i.nrf_gpio_pin_write                     0x0001dc08   Section        0  boards.o(i.nrf_gpio_pin_write)
    nrf_gpio_pin_write                       0x0001dc09   Thumb Code    18  boards.o(i.nrf_gpio_pin_write)
    i.nrf_gpio_ports_read                    0x0001dc20   Section        0  nrf_drv_gpiote.o(i.nrf_gpio_ports_read)
    nrf_gpio_ports_read                      0x0001dc21   Thumb Code    36  nrf_drv_gpiote.o(i.nrf_gpio_ports_read)
    i.nrf_gpiote_event_clear                 0x0001dc48   Section        0  nrf_drv_gpiote.o(i.nrf_gpiote_event_clear)
    nrf_gpiote_event_clear                   0x0001dc49   Thumb Code    10  nrf_drv_gpiote.o(i.nrf_gpiote_event_clear)
    i.nrf_gpiote_event_is_set                0x0001dc58   Section        0  nrf_drv_gpiote.o(i.nrf_gpiote_event_is_set)
    nrf_gpiote_event_is_set                  0x0001dc59   Thumb Code    14  nrf_drv_gpiote.o(i.nrf_gpiote_event_is_set)
    i.nrf_uart_event_check                   0x0001dc6c   Section        0  nrf_drv_uart.o(i.nrf_uart_event_check)
    nrf_uart_event_check                     0x0001dc6d   Thumb Code    10  nrf_drv_uart.o(i.nrf_uart_event_check)
    i.nrf_uart_int_enable_check              0x0001dc76   Section        0  nrf_drv_uart.o(i.nrf_uart_int_enable_check)
    nrf_uart_int_enable_check                0x0001dc77   Thumb Code    16  nrf_drv_uart.o(i.nrf_uart_int_enable_check)
    i.nus_data_handler                       0x0001dc86   Section        0  main.o(i.nus_data_handler)
    nus_data_handler                         0x0001dc87   Thumb Code    54  main.o(i.nus_data_handler)
    i.on_adv_evt                             0x0001dcbc   Section        0  main.o(i.on_adv_evt)
    on_adv_evt                               0x0001dcbd   Thumb Code    32  main.o(i.on_adv_evt)
    i.on_ble_evt                             0x0001dcdc   Section        0  main.o(i.on_ble_evt)
    on_ble_evt                               0x0001dcdd   Thumb Code   230  main.o(i.on_ble_evt)
    i.on_conn_params_evt                     0x0001ddc8   Section        0  main.o(i.on_conn_params_evt)
    on_conn_params_evt                       0x0001ddc9   Thumb Code    26  main.o(i.on_conn_params_evt)
    i.page_offsets_update                    0x0001dde8   Section        0  fds.o(i.page_offsets_update)
    page_offsets_update                      0x0001dde9   Thumb Code    18  fds.o(i.page_offsets_update)
    i.page_tag_write_data                    0x0001ddfc   Section        0  fds.o(i.page_tag_write_data)
    page_tag_write_data                      0x0001ddfd   Thumb Code    20  fds.o(i.page_tag_write_data)
    i.page_tag_write_swap                    0x0001de18   Section        0  fds.o(i.page_tag_write_swap)
    page_tag_write_swap                      0x0001de19   Thumb Code    22  fds.o(i.page_tag_write_swap)
    i.pin_in_use_by_port                     0x0001de3c   Section        0  nrf_drv_gpiote.o(i.pin_in_use_by_port)
    pin_in_use_by_port                       0x0001de3d   Thumb Code    20  nrf_drv_gpiote.o(i.pin_in_use_by_port)
    i.pin_in_use_by_te                       0x0001de54   Section        0  nrf_drv_gpiote.o(i.pin_in_use_by_te)
    pin_in_use_by_te                         0x0001de55   Thumb Code    20  nrf_drv_gpiote.o(i.pin_in_use_by_te)
    i.queue_get_next_free                    0x0001de6c   Section        0  fstorage.o(i.queue_get_next_free)
    queue_get_next_free                      0x0001de6d   Thumb Code    50  fstorage.o(i.queue_get_next_free)
    i.queue_process                          0x0001dea4   Section        0  fstorage.o(i.queue_process)
    queue_process                            0x0001dea5   Thumb Code   100  fstorage.o(i.queue_process)
    i.queue_process                          0x0001df10   Section        0  fds.o(i.queue_process)
    queue_process                            0x0001df11   Thumb Code   176  fds.o(i.queue_process)
    i.queue_start                            0x0001dfc8   Section        0  fstorage.o(i.queue_start)
    queue_start                              0x0001dfc9   Thumb Code    24  fstorage.o(i.queue_start)
    i.record_find                            0x0001dfe4   Section        0  fds.o(i.record_find)
    record_find                              0x0001dfe5   Thumb Code   122  fds.o(i.record_find)
    i.record_find_by_desc                    0x0001e068   Section        0  fds.o(i.record_find_by_desc)
    record_find_by_desc                      0x0001e069   Thumb Code   152  fds.o(i.record_find_by_desc)
    i.record_find_next                       0x0001e108   Section        0  fds.o(i.record_find_next)
    record_find_next                         0x0001e109   Thumb Code    78  fds.o(i.record_find_next)
    i.record_header_flag_dirty               0x0001e15c   Section        0  fds.o(i.record_header_flag_dirty)
    record_header_flag_dirty                 0x0001e15d   Thumb Code    42  fds.o(i.record_header_flag_dirty)
    i.record_write_chunk                     0x0001e194   Section        0  fds.o(i.record_write_chunk)
    record_write_chunk                       0x0001e195   Thumb Code    84  fds.o(i.record_write_chunk)
    i.rtc1_stop                              0x0001e1f0   Section        0  app_timer.o(i.rtc1_stop)
    rtc1_stop                                0x0001e1f1   Thumb Code    50  app_timer.o(i.rtc1_stop)
    i.rx_byte                                0x0001e234   Section        0  nrf_drv_uart.o(i.rx_byte)
    rx_byte                                  0x0001e235   Thumb Code    38  nrf_drv_uart.o(i.rx_byte)
    i.rx_char_add                            0x0001e25a   Section        0  ble_nus.o(i.rx_char_add)
    rx_char_add                              0x0001e25b   Thumb Code   158  ble_nus.o(i.rx_char_add)
    i.rx_done_event                          0x0001e2f8   Section        0  nrf_drv_uart.o(i.rx_done_event)
    rx_done_event                            0x0001e2f9   Thumb Code    20  nrf_drv_uart.o(i.rx_done_event)
    i.rx_enable                              0x0001e30c   Section        0  nrf_drv_uart.o(i.rx_enable)
    rx_enable                                0x0001e30d   Thumb Code    26  nrf_drv_uart.o(i.rx_enable)
    i.sd_nvic_EnableIRQ                      0x0001e328   Section        0  softdevice_handler.o(i.sd_nvic_EnableIRQ)
    sd_nvic_EnableIRQ                        0x0001e329   Thumb Code   112  softdevice_handler.o(i.sd_nvic_EnableIRQ)
    i.send_event                             0x0001e3ac   Section        0  fstorage.o(i.send_event)
    send_event                               0x0001e3ad   Thumb Code    72  fstorage.o(i.send_event)
    i.service_data_encode                    0x0001e3f4   Section        0  ble_advdata.o(i.service_data_encode)
    service_data_encode                      0x0001e3f5   Thumb Code   142  ble_advdata.o(i.service_data_encode)
    i.set_adv_mode_fast                      0x0001e484   Section        0  ble_advertising.o(i.set_adv_mode_fast)
    set_adv_mode_fast                        0x0001e485   Thumb Code    80  ble_advertising.o(i.set_adv_mode_fast)
    i.set_adv_mode_slow                      0x0001e4dc   Section        0  ble_advertising.o(i.set_adv_mode_slow)
    set_adv_mode_slow                        0x0001e4dd   Thumb Code    76  ble_advertising.o(i.set_adv_mode_slow)
    i.sleep_mode_enter                       0x0001e530   Section        0  main.o(i.sleep_mode_enter)
    sleep_mode_enter                         0x0001e531   Thumb Code    40  main.o(i.sleep_mode_enter)
    i.softdevice_ble_evt_handler_set         0x0001e558   Section        0  softdevice_handler.o(i.softdevice_ble_evt_handler_set)
    i.softdevice_enable                      0x0001e56c   Section        0  softdevice_handler.o(i.softdevice_enable)
    i.softdevice_enable_get_default_config   0x0001e580   Section        0  softdevice_handler.o(i.softdevice_enable_get_default_config)
    i.softdevice_fault_handler               0x0001e5a8   Section        0  softdevice_handler.o(i.softdevice_fault_handler)
    i.softdevice_handler_init                0x0001e5b0   Section        0  softdevice_handler.o(i.softdevice_handler_init)
    i.softdevice_handler_is_enabled          0x0001e608   Section        0  softdevice_handler.o(i.softdevice_handler_is_enabled)
    i.timer_list_handler                     0x0001e614   Section        0  app_timer.o(i.timer_list_handler)
    timer_list_handler                       0x0001e615   Thumb Code   128  app_timer.o(i.timer_list_handler)
    i.timer_list_handler_sched               0x0001e698   Section        0  app_timer.o(i.timer_list_handler_sched)
    timer_list_handler_sched                 0x0001e699   Thumb Code    10  app_timer.o(i.timer_list_handler_sched)
    i.timer_list_insert                      0x0001e6a8   Section        0  app_timer.o(i.timer_list_insert)
    timer_list_insert                        0x0001e6a9   Thumb Code    60  app_timer.o(i.timer_list_insert)
    i.timer_stop_op_schedule                 0x0001e6e8   Section        0  app_timer.o(i.timer_stop_op_schedule)
    timer_stop_op_schedule                   0x0001e6e9   Thumb Code    68  app_timer.o(i.timer_stop_op_schedule)
    i.timer_timeouts_check                   0x0001e730   Section        0  app_timer.o(i.timer_timeouts_check)
    timer_timeouts_check                     0x0001e731   Thumb Code   118  app_timer.o(i.timer_timeouts_check)
    i.tx_byte                                0x0001e7b0   Section        0  nrf_drv_uart.o(i.tx_byte)
    tx_byte                                  0x0001e7b1   Thumb Code    30  nrf_drv_uart.o(i.tx_byte)
    i.tx_char_add                            0x0001e7ce   Section        0  ble_nus.o(i.tx_char_add)
    tx_char_add                              0x0001e7cf   Thumb Code   128  ble_nus.o(i.tx_char_add)
    i.tx_done_event                          0x0001e84e   Section        0  nrf_drv_uart.o(i.tx_done_event)
    tx_done_event                            0x0001e84f   Thumb Code    24  nrf_drv_uart.o(i.tx_done_event)
    i.uart_event_handle                      0x0001e868   Section        0  main.o(i.uart_event_handle)
    i.uart_event_handler                     0x0001e8c8   Section        0  app_uart_fifo.o(i.uart_event_handler)
    uart_event_handler                       0x0001e8c9   Thumb Code   158  app_uart_fifo.o(i.uart_event_handler)
    i.uart_irq_handler                       0x0001e970   Section        0  nrf_drv_uart.o(i.uart_irq_handler)
    uart_irq_handler                         0x0001e971   Thumb Code   296  nrf_drv_uart.o(i.uart_irq_handler)
    i.uint16_encode                          0x0001ea98   Section        0  ble_advdata.o(i.uint16_encode)
    uint16_encode                            0x0001ea99   Thumb Code    10  ble_advdata.o(i.uint16_encode)
    i.update_timeout_handler                 0x0001eaa4   Section        0  ble_conn_params.o(i.update_timeout_handler)
    update_timeout_handler                   0x0001eaa5   Thumb Code    86  ble_conn_params.o(i.update_timeout_handler)
    i.user_op_alloc                          0x0001eb08   Section        0  app_timer.o(i.user_op_alloc)
    user_op_alloc                            0x0001eb09   Thumb Code    40  app_timer.o(i.user_op_alloc)
    i.uuid_list_encode                       0x0001eb34   Section        0  ble_advdata.o(i.uuid_list_encode)
    uuid_list_encode                         0x0001eb35   Thumb Code    48  ble_advdata.o(i.uuid_list_encode)
    i.uuid_list_sized_encode                 0x0001eb64   Section        0  ble_advdata.o(i.uuid_list_sized_encode)
    uuid_list_sized_encode                   0x0001eb65   Thumb Code   174  ble_advdata.o(i.uuid_list_sized_encode)
    i.whitelist_has_entries                  0x0001ec14   Section        0  ble_advertising.o(i.whitelist_has_entries)
    whitelist_has_entries                    0x0001ec15   Thumb Code    18  ble_advertising.o(i.whitelist_has_entries)
    i.write_execute                          0x0001ec2c   Section        0  fds.o(i.write_execute)
    write_execute                            0x0001ec2d   Thumb Code   228  fds.o(i.write_execute)
    .constdata                               0x0001ed20   Section       28  main.o(.constdata)
    .constdata                               0x0001ed3c   Section        8  boards.o(.constdata)
    m_board_led_list                         0x0001ed3c   Data           4  boards.o(.constdata)
    m_board_btn_list                         0x0001ed40   Data           4  boards.o(.constdata)
    .constdata                               0x0001ed44   Section       44  bsp.o(.constdata)
    m_leds_timer_id                          0x0001ed44   Data           4  bsp.o(.constdata)
    m_alert_timer_id                         0x0001ed48   Data           4  bsp.o(.constdata)
    m_button_timer_id                        0x0001ed4c   Data           4  bsp.o(.constdata)
    app_buttons                              0x0001ed50   Data          32  bsp.o(.constdata)
    .constdata                               0x0001ed70   Section        4  ble_conn_params.o(.constdata)
    m_conn_params_timer_id                   0x0001ed70   Data           4  ble_conn_params.o(.constdata)
    .constdata                               0x0001ed74   Section       16  ble_nus.o(.constdata)
    .constdata                               0x0001ed84   Section        4  nrf_drv_gpiote.o(.constdata)
    .constdata                               0x0001ed88   Section        8  app_button.o(.constdata)
    m_detection_delay_timer_id               0x0001ed88   Data           4  app_button.o(.constdata)
    .constdata                               0x0001ed90   Section       32  app_uart_fifo.o(.constdata)
    .constdata                               0x0001edb0   Section       20  fds.o(.constdata)
    m_fds_tl_dirty                           0x0001edb0   Data           4  fds.o(.constdata)
    page_tag_swap                            0x0001edb4   Data           8  fds.o(.constdata)
    page_tag_data                            0x0001edbc   Data           8  fds.o(.constdata)
    .data                                    0x20001fe8   Section       70  main.o(.data)
    index                                    0x20001fea   Data           1  main.o(.data)
    m_conn_handle                            0x20001fec   Data           2  main.o(.data)
    m_adv_uuids                              0x20001fee   Data           4  main.o(.data)
    m_device_name                            0x20001ff2   Data          60  main.o(.data)
    .data                                    0x20002030   Section       20  bsp.o(.data)
    m_stable_state                           0x20002030   Data           1  bsp.o(.data)
    m_leds_clear                             0x20002031   Data           1  bsp.o(.data)
    current_long_push_pin_no                 0x20002032   Data           1  bsp.o(.data)
    m_app_ticks_per_100ms                    0x20002034   Data           4  bsp.o(.data)
    m_indication_type                        0x20002038   Data           4  bsp.o(.data)
    m_registered_callback                    0x2000203c   Data           4  bsp.o(.data)
    release_event_at_push                    0x20002040   Data           4  bsp.o(.data)
    .data                                    0x20002044   Section        8  bsp_btn_ble.o(.data)
    m_error_handler                          0x20002044   Data           4  bsp_btn_ble.o(.data)
    m_num_connections                        0x20002048   Data           4  bsp_btn_ble.o(.data)
    .data                                    0x2000204c   Section        4  system_nrf51.o(.data)
    __tagsym$$used                           0x2000204c   Number         0  system_nrf51.o(.data)
    .data                                    0x20002050   Section       48  ble_advertising.o(.data)
    m_initialized                            0x20002050   Data           1  ble_advertising.o(.data)
    m_advertising_start_pending              0x20002051   Data           1  ble_advertising.o(.data)
    m_adv_evt                                0x20002052   Data           1  ble_advertising.o(.data)
    m_adv_mode_current                       0x20002053   Data           1  ble_advertising.o(.data)
    m_peer_addr_reply_expected               0x20002054   Data           1  ble_advertising.o(.data)
    m_whitelist_temporarily_disabled         0x20002055   Data           1  ble_advertising.o(.data)
    m_whitelist_reply_expected               0x20002056   Data           1  ble_advertising.o(.data)
    m_current_slave_link_conn_handle         0x20002058   Data           2  ble_advertising.o(.data)
    m_slave_conn_int                         0x2000205a   Data           4  ble_advertising.o(.data)
    m_evt_handler                            0x20002060   Data           4  ble_advertising.o(.data)
    m_error_handler                          0x20002064   Data           4  ble_advertising.o(.data)
    m_peer_address                           0x20002068   Data           7  ble_advertising.o(.data)
    m_whitelist                              0x20002070   Data          16  ble_advertising.o(.data)
    .data                                    0x20002080   Section       20  ble_conn_params.o(.data)
    m_change_param                           0x20002080   Data           1  ble_conn_params.o(.data)
    m_update_count                           0x20002081   Data           1  ble_conn_params.o(.data)
    m_conn_handle                            0x20002082   Data           2  ble_conn_params.o(.data)
    m_preferred_conn_params                  0x20002084   Data           8  ble_conn_params.o(.data)
    m_current_conn_params                    0x2000208c   Data           8  ble_conn_params.o(.data)
    .data                                    0x20002094   Section       20  app_button.o(.data)
    m_button_count                           0x20002094   Data           1  app_button.o(.data)
    mp_buttons                               0x20002098   Data           4  app_button.o(.data)
    m_detection_delay                        0x2000209c   Data           4  app_button.o(.data)
    m_pin_state                              0x200020a0   Data           4  app_button.o(.data)
    m_pin_transition                         0x200020a4   Data           4  app_button.o(.data)
    .data                                    0x200020a8   Section       32  app_timer.o(.data)
    m_ticks_elapsed_q_read_ind               0x200020a8   Data           1  app_timer.o(.data)
    m_ticks_elapsed_q_write_ind              0x200020a9   Data           1  app_timer.o(.data)
    m_rtc1_running                           0x200020aa   Data           1  app_timer.o(.data)
    m_rtc1_reset                             0x200020ab   Data           1  app_timer.o(.data)
    mp_timer_id_head                         0x200020ac   Data           4  app_timer.o(.data)
    m_ticks_latest                           0x200020b0   Data           4  app_timer.o(.data)
    m_evt_schedule_func                      0x200020b4   Data           4  app_timer.o(.data)
    m_op_queue                               0x200020b8   Data           8  app_timer.o(.data)
    m_ticks_elapsed                          0x200020c0   Data           8  app_timer.o(.data)
    .data                                    0x200020c8   Section       16  app_uart_fifo.o(.data)
    tx_buffer                                0x200020c8   Data           1  app_uart_fifo.o(.data)
    rx_buffer                                0x200020c9   Data           1  app_uart_fifo.o(.data)
    m_rx_ovf                                 0x200020ca   Data           1  app_uart_fifo.o(.data)
    m_event_handler                          0x200020cc   Data           4  app_uart_fifo.o(.data)
    app_uart_inst                            0x200020d0   Data           8  app_uart_fifo.o(.data)
    .data                                    0x200020d8   Section       12  app_util_platform.o(.data)
    m_in_critical_region                     0x200020d8   Data           4  app_util_platform.o(.data)
    .data                                    0x200020e4   Section        2  fstorage.o(.data)
    m_flags                                  0x200020e4   Data           1  fstorage.o(.data)
    m_retry_count                            0x200020e5   Data           1  fstorage.o(.data)
    .data                                    0x200020e8   Section        4  retarget.o(.data)
    .data                                    0x200020ec   Section       24  fds.o(.data)
    m_flags                                  0x200020ec   Data           1  fds.o(.data)
    m_users                                  0x200020ed   Data           1  fds.o(.data)
    page                                     0x200020ee   Data           2  fds.o(.data)
    m_latest_rec_id                          0x200020f0   Data           4  fds.o(.data)
    tok                                      0x200020f4   Data           8  fds.o(.data)
    m_swap_page                              0x200020fc   Data           8  fds.o(.data)
    .data                                    0x20002104   Section       20  softdevice_handler.o(.data)
    m_softdevice_enabled                     0x20002104   Data           1  softdevice_handler.o(.data)
    m_suspended                              0x20002105   Data           1  softdevice_handler.o(.data)
    m_ble_evt_buffer_size                    0x20002106   Data           2  softdevice_handler.o(.data)
    m_evt_schedule_func                      0x20002108   Data           4  softdevice_handler.o(.data)
    mp_ble_evt_buffer                        0x2000210c   Data           4  softdevice_handler.o(.data)
    m_ble_evt_handler                        0x20002110   Data           4  softdevice_handler.o(.data)
    m_sys_evt_handler                        0x20002114   Data           4  softdevice_handler.o(.data)
    fs_data                                  0x20002118   Section       16  fds.o(fs_data)
    __tagsym$$used                           0x20002118   Number         0  fds.o(fs_data)
    fs_config                                0x20002118   Data          16  fds.o(fs_data)
    .bss                                     0x20002128   Section      752  main.o(.bss)
    BLE_EVT_BUFFER                           0x20002128   Data          72  main.o(.bss)
    data_array                               0x20002170   Data          20  main.o(.bss)
    rx_buf                                   0x20002184   Data         256  main.o(.bss)
    tx_buf                                   0x20002284   Data         256  main.o(.bss)
    APP_TIMER_BUF                            0x20002384   Data         120  main.o(.bss)
    m_nus                                    0x200023fc   Data          28  main.o(.bss)
    .bss                                     0x20002418   Section       32  bsp.o(.bss)
    m_leds_timer_id_data                     0x20002418   Data          32  bsp.o(.bss)
    .bss                                     0x20002438   Section       32  bsp.o(.bss)
    m_alert_timer_id_data                    0x20002438   Data          32  bsp.o(.bss)
    .bss                                     0x20002458   Section       12  bsp.o(.bss)
    m_events_list                            0x20002458   Data          12  bsp.o(.bss)
    .bss                                     0x20002464   Section       32  bsp.o(.bss)
    m_button_timer_id_data                   0x20002464   Data          32  bsp.o(.bss)
    .bss                                     0x20002484   Section      363  ble_advertising.o(.bss)
    m_adv_modes_config                       0x20002484   Data          32  ble_advertising.o(.bss)
    m_advdata                                0x200024a4   Data          60  ble_advertising.o(.bss)
    m_manuf_specific_data                    0x200024e0   Data          12  ble_advertising.o(.bss)
    m_manuf_data_array                       0x200024ec   Data          31  ble_advertising.o(.bss)
    m_service_data                           0x2000250c   Data          12  ble_advertising.o(.bss)
    m_service_data_array                     0x20002518   Data          31  ble_advertising.o(.bss)
    m_whitelist_addrs                        0x20002537   Data          56  ble_advertising.o(.bss)
    m_whitelist_irks                         0x2000256f   Data         128  ble_advertising.o(.bss)
    .bss                                     0x200025f0   Section       32  ble_advertising.o(.bss)
    m_p_whitelist_addrs                      0x200025f0   Data          32  ble_advertising.o(.bss)
    .bss                                     0x20002610   Section       32  ble_advertising.o(.bss)
    m_p_whitelist_irks                       0x20002610   Data          32  ble_advertising.o(.bss)
    .bss                                     0x20002630   Section       32  ble_conn_params.o(.bss)
    m_conn_params_timer_id_data              0x20002630   Data          32  ble_conn_params.o(.bss)
    .bss                                     0x20002650   Section       28  ble_conn_params.o(.bss)
    m_conn_params_config                     0x20002650   Data          28  ble_conn_params.o(.bss)
    .bss                                     0x2000266c   Section       20  nrf_drv_clock.o(.bss)
    m_clock_cb                               0x2000266c   Data          20  nrf_drv_clock.o(.bss)
    .bss                                     0x20002680   Section       72  nrf_drv_gpiote.o(.bss)
    m_cb                                     0x20002680   Data          72  nrf_drv_gpiote.o(.bss)
    .bss                                     0x200026c8   Section       28  nrf_drv_uart.o(.bss)
    m_cb                                     0x200026c8   Data          28  nrf_drv_uart.o(.bss)
    .bss                                     0x200026e4   Section       32  app_button.o(.bss)
    m_detection_delay_timer_id_data          0x200026e4   Data          32  app_button.o(.bss)
    .bss                                     0x20002704   Section       32  app_uart_fifo.o(.bss)
    m_rx_fifo                                0x20002704   Data          16  app_uart_fifo.o(.bss)
    m_tx_fifo                                0x20002714   Data          16  app_uart_fifo.o(.bss)
    .bss                                     0x20002724   Section      104  fstorage.o(.bss)
    m_queue                                  0x20002724   Data         104  fstorage.o(.bss)
    .bss                                     0x2000278c   Section      284  fds.o(.bss)
    desc                                     0x2000278c   Data          12  fds.o(.bss)
    m_cb_table                               0x20002798   Data          32  fds.o(.bss)
    m_op_queue                               0x200027b8   Data         120  fds.o(.bss)
    m_chunk_queue                            0x20002830   Data          72  fds.o(.bss)
    m_pages                                  0x20002878   Data          32  fds.o(.bss)
    m_gc                                     0x20002898   Data          16  fds.o(.bss)
    STACK                                    0x200028a8   Section     2048  arm_startup_nrf51.o(STACK)

    Global Symbols

    Symbol Name                              Value     Ov Type        Size  Object(Section)

    BuildAttributes$$THM_ISAv3M$S$PE$A:L22$X:L11$S22$IEEE1$IW$USESV6$~STKCKD$USESV7$~SHL$OSPACE$ROPI$EBA8$MICROLIB$REQ8$PRES8$EABIv2 0x00000000   Number         0  anon$$obj.o ABSOLUTE
    __ARM_use_no_argv                        0x00000000   Number         0  main.o ABSOLUTE
    __arm_fini_                               - Undefined Weak Reference
    __cpp_initialize__aeabi_                  - Undefined Weak Reference
    __cxa_finalize                            - Undefined Weak Reference
    _clock_init                               - Undefined Weak Reference
    _microlib_exit                            - Undefined Weak Reference
    __Vectors_Size                           0x000000c0   Number         0  arm_startup_nrf51.o ABSOLUTE
    __Vectors                                0x0001b000   Data           4  arm_startup_nrf51.o(RESET)
    __Vectors_End                            0x0001b0c0   Data           0  arm_startup_nrf51.o(RESET)
    __main                                   0x0001b0c1   Thumb Code     0  entry.o(.ARM.Collect$$$$00000000)
    _main_stk                                0x0001b0c1   Thumb Code     0  entry2.o(.ARM.Collect$$$$00000001)
    _main_scatterload                        0x0001b0c5   Thumb Code     0  entry5.o(.ARM.Collect$$$$00000004)
    __main_after_scatterload                 0x0001b0c9   Thumb Code     0  entry5.o(.ARM.Collect$$$$00000004)
    _main_clock                              0x0001b0c9   Thumb Code     0  entry7b.o(.ARM.Collect$$$$00000008)
    _main_cpp_init                           0x0001b0c9   Thumb Code     0  entry8b.o(.ARM.Collect$$$$0000000A)
    _main_init                               0x0001b0c9   Thumb Code     0  entry9a.o(.ARM.Collect$$$$0000000B)
    __rt_lib_shutdown_fini                   0x0001b0d1   Thumb Code     0  entry12b.o(.ARM.Collect$$$$0000000E)
    __rt_final_cpp                           0x0001b0d5   Thumb Code     0  entry10a.o(.ARM.Collect$$$$0000000F)
    __rt_final_exit                          0x0001b0d5   Thumb Code     0  entry11a.o(.ARM.Collect$$$$00000011)
    Reset_Handler                            0x0001b0d9   Thumb Code    26  arm_startup_nrf51.o(.text)
    NMI_Handler                              0x0001b0f3   Thumb Code     2  arm_startup_nrf51.o(.text)
    HardFault_Handler                        0x0001b0f5   Thumb Code     2  arm_startup_nrf51.o(.text)
    SVC_Handler                              0x0001b0f7   Thumb Code     2  arm_startup_nrf51.o(.text)
    PendSV_Handler                           0x0001b0f9   Thumb Code     2  arm_startup_nrf51.o(.text)
    SysTick_Handler                          0x0001b0fb   Thumb Code     2  arm_startup_nrf51.o(.text)
    ADC_IRQHandler                           0x0001b0fd   Thumb Code     0  arm_startup_nrf51.o(.text)
    CCM_AAR_IRQHandler                       0x0001b0fd   Thumb Code     0  arm_startup_nrf51.o(.text)
    ECB_IRQHandler                           0x0001b0fd   Thumb Code     0  arm_startup_nrf51.o(.text)
    LPCOMP_IRQHandler                        0x0001b0fd   Thumb Code     0  arm_startup_nrf51.o(.text)
    QDEC_IRQHandler                          0x0001b0fd   Thumb Code     0  arm_startup_nrf51.o(.text)
    RADIO_IRQHandler                         0x0001b0fd   Thumb Code     0  arm_startup_nrf51.o(.text)
    RNG_IRQHandler                           0x0001b0fd   Thumb Code     0  arm_startup_nrf51.o(.text)
    RTC0_IRQHandler                          0x0001b0fd   Thumb Code     0  arm_startup_nrf51.o(.text)
    SPI0_TWI0_IRQHandler                     0x0001b0fd   Thumb Code     0  arm_startup_nrf51.o(.text)
    SPI1_TWI1_IRQHandler                     0x0001b0fd   Thumb Code     0  arm_startup_nrf51.o(.text)
    SWI1_IRQHandler                          0x0001b0fd   Thumb Code     0  arm_startup_nrf51.o(.text)
    SWI3_IRQHandler                          0x0001b0fd   Thumb Code     0  arm_startup_nrf51.o(.text)
    SWI4_IRQHandler                          0x0001b0fd   Thumb Code     0  arm_startup_nrf51.o(.text)
    SWI5_IRQHandler                          0x0001b0fd   Thumb Code     0  arm_startup_nrf51.o(.text)
    TEMP_IRQHandler                          0x0001b0fd   Thumb Code     0  arm_startup_nrf51.o(.text)
    TIMER0_IRQHandler                        0x0001b0fd   Thumb Code     0  arm_startup_nrf51.o(.text)
    TIMER1_IRQHandler                        0x0001b0fd   Thumb Code     0  arm_startup_nrf51.o(.text)
    TIMER2_IRQHandler                        0x0001b0fd   Thumb Code     0  arm_startup_nrf51.o(.text)
    WDT_IRQHandler                           0x0001b0fd   Thumb Code     0  arm_startup_nrf51.o(.text)
    __aeabi_uidiv                            0x0001b111   Thumb Code     0  uidiv.o(.text)
    __aeabi_uidivmod                         0x0001b111   Thumb Code    44  uidiv.o(.text)
    __aeabi_memcpy                           0x0001b13d   Thumb Code    36  memcpya.o(.text)
    __aeabi_memcpy4                          0x0001b13d   Thumb Code     0  memcpya.o(.text)
    __aeabi_memcpy8                          0x0001b13d   Thumb Code     0  memcpya.o(.text)
    __aeabi_memset                           0x0001b161   Thumb Code    14  memseta.o(.text)
    __aeabi_memset4                          0x0001b161   Thumb Code     0  memseta.o(.text)
    __aeabi_memset8                          0x0001b161   Thumb Code     0  memseta.o(.text)
    __aeabi_memclr                           0x0001b16f   Thumb Code     4  memseta.o(.text)
    __aeabi_memclr4                          0x0001b16f   Thumb Code     0  memseta.o(.text)
    __aeabi_memclr8                          0x0001b16f   Thumb Code     0  memseta.o(.text)
    _memset$wrapper                          0x0001b173   Thumb Code    18  memseta.o(.text)
    strlen                                   0x0001b185   Thumb Code    14  strlen.o(.text)
    __scatterload                            0x0001b195   Thumb Code    28  init.o(.text)
    __scatterload_rt2                        0x0001b195   Thumb Code     0  init.o(.text)
    __decompress                             0x0001b1b9   Thumb Code     0  __dczerorl.o(.text)
    __decompress0                            0x0001b1b9   Thumb Code    58  __dczerorl.o(.text)
    GPIOTE_IRQHandler                        0x0001b1f5   Thumb Code   364  nrf_drv_gpiote.o(i.GPIOTE_IRQHandler)
    POWER_CLOCK_IRQHandler                   0x0001b3b1   Thumb Code    70  nrf_drv_clock.o(i.POWER_CLOCK_IRQHandler)
    RTC1_IRQHandler                          0x0001b405   Thumb Code    28  app_timer.o(i.RTC1_IRQHandler)
    SWI0_IRQHandler                          0x0001b425   Thumb Code     8  app_timer.o(i.SWI0_IRQHandler)
    SWI2_IRQHandler                          0x0001b42d   Thumb Code    28  softdevice_handler.o(i.SWI2_IRQHandler)
    SystemInit                               0x0001b44d   Thumb Code   130  system_nrf51.o(i.SystemInit)
    UART0_IRQHandler                         0x0001b4ed   Thumb Code    12  nrf_drv_uart.o(i.UART0_IRQHandler)
    __0printf$bare                           0x0001b501   Thumb Code    12  printfb.o(i.__0printf$bare)
    __1printf$bare                           0x0001b501   Thumb Code     0  printfb.o(i.__0printf$bare)
    __2printf                                0x0001b501   Thumb Code     0  printfb.o(i.__0printf$bare)
    __ARM_common_switch8                     0x0001b515   Thumb Code    26  bsp.o(i.__ARM_common_switch8)
    __scatterload_copy                       0x0001b52f   Thumb Code    14  handlers.o(i.__scatterload_copy)
    __scatterload_null                       0x0001b53d   Thumb Code     2  handlers.o(i.__scatterload_null)
    __scatterload_zeroinit                   0x0001b53f   Thumb Code    14  handlers.o(i.__scatterload_zeroinit)
    adv_data_encode                          0x0001b587   Thumb Code   398  ble_advdata.o(i.adv_data_encode)
    app_button_enable                        0x0001b7c5   Thumb Code    32  app_button.o(i.app_button_enable)
    app_button_init                          0x0001b7e9   Thumb Code   100  app_button.o(i.app_button_init)
    app_error_fault_handler                  0x0001b85d   Thumb Code    18  app_error_weak.o(i.app_error_fault_handler)
    app_error_handler_bare                   0x0001b879   Thumb Code    20  app_error.o(i.app_error_handler_bare)
    app_fifo_get                             0x0001b891   Thumb Code    22  app_fifo.o(i.app_fifo_get)
    app_fifo_init                            0x0001b8a7   Thumb Code    36  app_fifo.o(i.app_fifo_init)
    app_fifo_put                             0x0001b8cb   Thumb Code    26  app_fifo.o(i.app_fifo_put)
    app_timer_create                         0x0001b8e5   Thumb Code    44  app_timer.o(i.app_timer_create)
    app_timer_init                           0x0001b915   Thumb Code    98  app_timer.o(i.app_timer_init)
    app_timer_start                          0x0001b989   Thumb Code   128  app_timer.o(i.app_timer_start)
    app_timer_stop                           0x0001ba11   Thumb Code    36  app_timer.o(i.app_timer_stop)
    app_uart_get                             0x0001ba39   Thumb Code    46  app_uart_fifo.o(i.app_uart_get)
    app_uart_init                            0x0001ba71   Thumb Code   160  app_uart_fifo.o(i.app_uart_init)
    app_uart_put                             0x0001bb21   Thumb Code    56  app_uart_fifo.o(i.app_uart_put)
    app_util_critical_region_enter           0x0001bb61   Thumb Code    48  app_util_platform.o(i.app_util_critical_region_enter)
    app_util_critical_region_exit            0x0001bb9d   Thumb Code    36  app_util_platform.o(i.app_util_critical_region_exit)
    ble_advdata_set                          0x0001bc4d   Thumb Code   104  ble_advdata.o(i.ble_advdata_set)
    ble_advertising_init                     0x0001bcb5   Thumb Code   340  ble_advertising.o(i.ble_advertising_init)
    ble_advertising_on_ble_evt               0x0001be11   Thumb Code    82  ble_advertising.o(i.ble_advertising_on_ble_evt)
    ble_advertising_restart_without_whitelist 0x0001be69   Thumb Code    50  ble_advertising.o(i.ble_advertising_restart_without_whitelist)
    ble_advertising_start                    0x0001bea5   Thumb Code   256  ble_advertising.o(i.ble_advertising_start)
    ble_conn_params_init                     0x0001bfad   Thumb Code    68  ble_conn_params.o(i.ble_conn_params_init)
    ble_conn_params_on_ble_evt               0x0001c001   Thumb Code   130  ble_conn_params.o(i.ble_conn_params_on_ble_evt)
    ble_nus_init                             0x0001c119   Thumb Code    98  ble_nus.o(i.ble_nus_init)
    ble_nus_on_ble_evt                       0x0001c181   Thumb Code    92  ble_nus.o(i.ble_nus_on_ble_evt)
    ble_nus_string_send                      0x0001c1dd   Thumb Code    78  ble_nus.o(i.ble_nus_string_send)
    ble_srv_is_notification_enabled          0x0001c231   Thumb Code    14  ble_srv_common.o(i.ble_srv_is_notification_enabled)
    bsp_board_button_idx_to_pin              0x0001c241   Thumb Code     6  boards.o(i.bsp_board_button_idx_to_pin)
    bsp_board_button_state_get               0x0001c24d   Thumb Code    24  boards.o(i.bsp_board_button_state_get)
    bsp_board_led_invert                     0x0001c26d   Thumb Code    24  boards.o(i.bsp_board_led_invert)
    bsp_board_led_off                        0x0001c28d   Thumb Code    14  boards.o(i.bsp_board_led_off)
    bsp_board_led_on                         0x0001c2a1   Thumb Code    14  boards.o(i.bsp_board_led_on)
    bsp_board_led_state_get                  0x0001c2b5   Thumb Code    24  boards.o(i.bsp_board_led_state_get)
    bsp_board_leds_init                      0x0001c2d5   Thumb Code    36  boards.o(i.bsp_board_leds_init)
    bsp_board_leds_off                       0x0001c2fd   Thumb Code    18  boards.o(i.bsp_board_leds_off)
    bsp_board_leds_on                        0x0001c30f   Thumb Code    18  boards.o(i.bsp_board_leds_on)
    bsp_board_pin_to_button_idx              0x0001c321   Thumb Code    30  boards.o(i.bsp_board_pin_to_button_idx)
    bsp_btn_ble_init                         0x0001c345   Thumb Code    58  bsp_btn_ble.o(i.bsp_btn_ble_init)
    bsp_btn_ble_on_ble_evt                   0x0001c385   Thumb Code   114  bsp_btn_ble.o(i.bsp_btn_ble_on_ble_evt)
    bsp_btn_ble_sleep_mode_prepare           0x0001c3fd   Thumb Code    34  bsp_btn_ble.o(i.bsp_btn_ble_sleep_mode_prepare)
    bsp_button_is_pressed                    0x0001c4b5   Thumb Code     8  bsp.o(i.bsp_button_is_pressed)
    bsp_event_handler                        0x0001c4bd   Thumb Code    58  main.o(i.bsp_event_handler)
    bsp_event_to_button_action_assign        0x0001c501   Thumb Code    66  bsp.o(i.bsp_event_to_button_action_assign)
    bsp_indication_set                       0x0001c549   Thumb Code    22  bsp.o(i.bsp_indication_set)
    bsp_init                                 0x0001c565   Thumb Code   132  bsp.o(i.bsp_init)
    bsp_wakeup_button_enable                 0x0001c77d   Thumb Code    16  bsp.o(i.bsp_wakeup_button_enable)
    fputc                                    0x0001cbf5   Thumb Code    14  retarget.o(i.fputc)
    fs_erase                                 0x0001cc05   Thumb Code   118  fstorage.o(i.fs_erase)
    fs_queued_op_count_get                   0x0001cc8d   Thumb Code    18  fstorage.o(i.fs_queued_op_count_get)
    fs_store                                 0x0001cca5   Thumb Code   128  fstorage.o(i.fs_store)
    intern_softdevice_events_execute         0x0001d031   Thumb Code   122  softdevice_handler.o(i.intern_softdevice_events_execute)
    main                                     0x0001d2a1   Thumb Code   444  main.o(i.main)
    nrf_drv_clock_init                       0x0001d5f5   Thumb Code    60  nrf_drv_clock.o(i.nrf_drv_clock_init)
    nrf_drv_clock_on_sd_enable               0x0001d63d   Thumb Code    46  nrf_drv_clock.o(i.nrf_drv_clock_on_sd_enable)
    nrf_drv_clock_on_soc_event               0x0001d671   Thumb Code    12  nrf_drv_clock.o(i.nrf_drv_clock_on_soc_event)
    nrf_drv_common_irq_enable                0x0001d67d   Thumb Code    78  nrf_drv_common.o(i.nrf_drv_common_irq_enable)
    nrf_drv_gpiote_in_event_enable           0x0001d6dd   Thumb Code   136  nrf_drv_gpiote.o(i.nrf_drv_gpiote_in_event_enable)
    nrf_drv_gpiote_in_init                   0x0001d775   Thumb Code   154  nrf_drv_gpiote.o(i.nrf_drv_gpiote_in_init)
    nrf_drv_gpiote_in_is_set                 0x0001d81d   Thumb Code    16  nrf_drv_gpiote.o(i.nrf_drv_gpiote_in_is_set)
    nrf_drv_gpiote_init                      0x0001d831   Thumb Code    84  nrf_drv_gpiote.o(i.nrf_drv_gpiote_init)
    nrf_drv_gpiote_is_init                   0x0001d88d   Thumb Code    12  nrf_drv_gpiote.o(i.nrf_drv_gpiote_is_init)
    nrf_drv_uart_init                        0x0001d89d   Thumb Code   118  nrf_drv_uart.o(i.nrf_drv_uart_init)
    nrf_drv_uart_rx                          0x0001d91d   Thumb Code    86  nrf_drv_uart.o(i.nrf_drv_uart_rx)
    nrf_drv_uart_rx_enable                   0x0001d979   Thumb Code    40  nrf_drv_uart.o(i.nrf_drv_uart_rx_enable)
    nrf_drv_uart_tx                          0x0001da4d   Thumb Code    46  nrf_drv_uart.o(i.nrf_drv_uart_tx)
    nrf_drv_uart_tx_in_progress              0x0001db0d   Thumb Code    20  nrf_drv_uart.o(i.nrf_drv_uart_tx_in_progress)
    softdevice_ble_evt_handler_set           0x0001e559   Thumb Code    16  softdevice_handler.o(i.softdevice_ble_evt_handler_set)
    softdevice_enable                        0x0001e56d   Thumb Code    14  softdevice_handler.o(i.softdevice_enable)
    softdevice_enable_get_default_config     0x0001e581   Thumb Code    40  softdevice_handler.o(i.softdevice_enable_get_default_config)
    softdevice_fault_handler                 0x0001e5a9   Thumb Code     8  softdevice_handler.o(i.softdevice_fault_handler)
    softdevice_handler_init                  0x0001e5b1   Thumb Code    74  softdevice_handler.o(i.softdevice_handler_init)
    softdevice_handler_is_enabled            0x0001e609   Thumb Code     6  softdevice_handler.o(i.softdevice_handler_is_enabled)
    uart_event_handle                        0x0001e869   Thumb Code    84  main.o(i.uart_event_handle)
    Region$$Table$$Base                      0x0001edc4   Number         0  anon$$obj.o(Region$$Table)
    Region$$Table$$Limit                     0x0001ede4   Number         0  anon$$obj.o(Region$$Table)
    Image$$RW_IRAM1$$Base                    0x20001fe8   Number         0  anon$$obj.o ABSOLUTE
    count_changes_name                       0x20001fe8   Data           1  main.o(.data)
    max_changes_allowed                      0x20001fe9   Data           1  main.o(.data)
    SystemCoreClock                          0x2000204c   Data           4  system_nrf51.o(.data)
    nrf_nvic_state                           0x200020dc   Data           8  app_util_platform.o(.data)
    __stdout                                 0x200020e8   Data           4  retarget.o(.data)
    fs_data$$Base                            0x20002118   Number         0  fds.o(fs_data)
    fs_data$$Limit                           0x20002128   Number         0  fds.o(fs_data)
    __initial_sp                             0x200030a8   Data           0  arm_startup_nrf51.o(STACK)



==============================================================================

Memory Map of the image

  Image Entry point : 0x0001b0c1

  Load Region LR_IROM1 (Base: 0x0001b000, Size: 0x00003f24, Max: 0x00025000, ABSOLUTE, COMPRESSED[0x00003e18])

    Execution Region ER_IROM1 (Exec base: 0x0001b000, Load base: 0x0001b000, Size: 0x00003de4, Max: 0x00025000, ABSOLUTE)

    Exec Addr    Load Addr    Size         Type   Attr      Idx    E Section Name        Object

    0x0001b000   0x0001b000   0x000000c0   Data   RO          564    RESET               arm_startup_nrf51.o
    0x0001b0c0   0x0001b0c0   0x00000000   Code   RO         2800  * .ARM.Collect$$$$00000000  mc_p.l(entry.o)
    0x0001b0c0   0x0001b0c0   0x00000004   Code   RO         3075    .ARM.Collect$$$$00000001  mc_p.l(entry2.o)
    0x0001b0c4   0x0001b0c4   0x00000004   Code   RO         3078    .ARM.Collect$$$$00000004  mc_p.l(entry5.o)
    0x0001b0c8   0x0001b0c8   0x00000000   Code   RO         3080    .ARM.Collect$$$$00000008  mc_p.l(entry7b.o)
    0x0001b0c8   0x0001b0c8   0x00000000   Code   RO         3082    .ARM.Collect$$$$0000000A  mc_p.l(entry8b.o)
    0x0001b0c8   0x0001b0c8   0x00000008   Code   RO         3083    .ARM.Collect$$$$0000000B  mc_p.l(entry9a.o)
    0x0001b0d0   0x0001b0d0   0x00000004   Code   RO         3090    .ARM.Collect$$$$0000000E  mc_p.l(entry12b.o)
    0x0001b0d4   0x0001b0d4   0x00000000   Code   RO         3085    .ARM.Collect$$$$0000000F  mc_p.l(entry10a.o)
    0x0001b0d4   0x0001b0d4   0x00000000   Code   RO         3087    .ARM.Collect$$$$00000011  mc_p.l(entry11a.o)
    0x0001b0d4   0x0001b0d4   0x00000004   Code   RO         3076    .ARM.Collect$$$$00002712  mc_p.l(entry2.o)
    0x0001b0d8   0x0001b0d8   0x00000038   Code   RO          565    .text               arm_startup_nrf51.o
    0x0001b110   0x0001b110   0x0000002c   Code   RO         2803    .text               mc_p.l(uidiv.o)
    0x0001b13c   0x0001b13c   0x00000024   Code   RO         2805    .text               mc_p.l(memcpya.o)
    0x0001b160   0x0001b160   0x00000024   Code   RO         2807    .text               mc_p.l(memseta.o)
    0x0001b184   0x0001b184   0x0000000e   Code   RO         2809    .text               mc_p.l(strlen.o)
    0x0001b192   0x0001b192   0x00000002   PAD
    0x0001b194   0x0001b194   0x00000024   Code   RO         3104    .text               mc_p.l(init.o)
    0x0001b1b8   0x0001b1b8   0x0000003a   Code   RO         3124    .text               mc_p.l(__dczerorl.o)
    0x0001b1f2   0x0001b1f2   0x00000002   PAD
    0x0001b1f4   0x0001b1f4   0x00000178   Code   RO         1161    i.GPIOTE_IRQHandler  nrf_drv_gpiote.o
    0x0001b36c   0x0001b36c   0x00000044   Code   RO         1748    i.NVIC_SetPriority  app_timer.o
    0x0001b3b0   0x0001b3b0   0x00000054   Code   RO          949    i.POWER_CLOCK_IRQHandler  nrf_drv_clock.o
    0x0001b404   0x0001b404   0x00000020   Code   RO         1749    i.RTC1_IRQHandler   app_timer.o
    0x0001b424   0x0001b424   0x00000008   Code   RO         1750    i.SWI0_IRQHandler   app_timer.o
    0x0001b42c   0x0001b42c   0x00000020   Code   RO         2669    i.SWI2_IRQHandler   softdevice_handler.o
    0x0001b44c   0x0001b44c   0x000000a0   Code   RO          572    i.SystemInit        system_nrf51.o
    0x0001b4ec   0x0001b4ec   0x00000014   Code   RO         1376    i.UART0_IRQHandler  nrf_drv_uart.o
    0x0001b500   0x0001b500   0x00000014   Code   RO         2816    i.__0printf$bare    mc_p.l(printfb.o)
    0x0001b514   0x0001b514   0x0000001a   Code   RO          471    i.__ARM_common_switch8  bsp.o
    0x0001b52e   0x0001b52e   0x0000000e   Code   RO         3118    i.__scatterload_copy  mc_p.l(handlers.o)
    0x0001b53c   0x0001b53c   0x00000002   Code   RO         3119    i.__scatterload_null  mc_p.l(handlers.o)
    0x0001b53e   0x0001b53e   0x0000000e   Code   RO         3120    i.__scatterload_zeroinit  mc_p.l(handlers.o)
    0x0001b54c   0x0001b54c   0x0000001c   Code   RO         2670    i.__sd_nvic_app_accessible_irq  softdevice_handler.o
    0x0001b568   0x0001b568   0x0000001e   Code   RO         2823    i._printf_core      mc_p.l(printfb.o)
    0x0001b586   0x0001b586   0x0000018e   Code   RO          608    i.adv_data_encode   ble_advdata.o
    0x0001b714   0x0001b714   0x00000068   Code   RO          693    i.adv_mode_next_avail_get  ble_advertising.o
    0x0001b77c   0x0001b77c   0x0000003c   Code   RO          490    i.advertising_buttons_configure  bsp_btn_ble.o
    0x0001b7b8   0x0001b7b8   0x0000000a   Code   RO          377    i.alert_timer_handler  bsp.o
    0x0001b7c2   0x0001b7c2   0x00000002   PAD
    0x0001b7c4   0x0001b7c4   0x00000024   Code   RO         1554    i.app_button_enable  app_button.o
    0x0001b7e8   0x0001b7e8   0x00000074   Code   RO         1555    i.app_button_init   app_button.o
    0x0001b85c   0x0001b85c   0x0000001c   Code   RO         1653    i.app_error_fault_handler  app_error_weak.o
    0x0001b878   0x0001b878   0x00000018   Code   RO         1615    i.app_error_handler_bare  app_error.o
    0x0001b890   0x0001b890   0x00000016   Code   RO         1680    i.app_fifo_get      app_fifo.o
    0x0001b8a6   0x0001b8a6   0x00000024   Code   RO         1681    i.app_fifo_init     app_fifo.o
    0x0001b8ca   0x0001b8ca   0x0000001a   Code   RO         1683    i.app_fifo_put      app_fifo.o
    0x0001b8e4   0x0001b8e4   0x00000030   Code   RO         1753    i.app_timer_create  app_timer.o
    0x0001b914   0x0001b914   0x00000074   Code   RO         1754    i.app_timer_init    app_timer.o
    0x0001b988   0x0001b988   0x00000088   Code   RO         1755    i.app_timer_start   app_timer.o
    0x0001ba10   0x0001ba10   0x00000028   Code   RO         1756    i.app_timer_stop    app_timer.o
    0x0001ba38   0x0001ba38   0x00000038   Code   RO         1895    i.app_uart_get      app_uart_fifo.o
    0x0001ba70   0x0001ba70   0x000000b0   Code   RO         1896    i.app_uart_init     app_uart_fifo.o
    0x0001bb20   0x0001bb20   0x00000040   Code   RO         1897    i.app_uart_put      app_uart_fifo.o
    0x0001bb60   0x0001bb60   0x0000003c   Code   RO         1952    i.app_util_critical_region_enter  app_util_platform.o
    0x0001bb9c   0x0001bb9c   0x0000002c   Code   RO         1953    i.app_util_critical_region_exit  app_util_platform.o
    0x0001bbc8   0x0001bbc8   0x00000084   Code   RO         1377    i.apply_config      nrf_drv_uart.o
    0x0001bc4c   0x0001bc4c   0x00000068   Code   RO          609    i.ble_advdata_set   ble_advdata.o
    0x0001bcb4   0x0001bcb4   0x0000015c   Code   RO          694    i.ble_advertising_init  ble_advertising.o
    0x0001be10   0x0001be10   0x00000058   Code   RO          695    i.ble_advertising_on_ble_evt  ble_advertising.o
    0x0001be68   0x0001be68   0x0000003c   Code   RO          698    i.ble_advertising_restart_without_whitelist  ble_advertising.o
    0x0001bea4   0x0001bea4   0x00000108   Code   RO          699    i.ble_advertising_start  ble_advertising.o
    0x0001bfac   0x0001bfac   0x00000054   Code   RO          787    i.ble_conn_params_init  ble_conn_params.o
    0x0001c000   0x0001c000   0x00000090   Code   RO          788    i.ble_conn_params_on_ble_evt  ble_conn_params.o
    0x0001c090   0x0001c090   0x0000005e   Code   RO          610    i.ble_device_addr_encode  ble_advdata.o
    0x0001c0ee   0x0001c0ee   0x00000002   PAD
    0x0001c0f0   0x0001c0f0   0x00000028   Code   RO            4    i.ble_evt_dispatch  main.o
    0x0001c118   0x0001c118   0x00000068   Code   RO          906    i.ble_nus_init      ble_nus.o
    0x0001c180   0x0001c180   0x0000005c   Code   RO          907    i.ble_nus_on_ble_evt  ble_nus.o
    0x0001c1dc   0x0001c1dc   0x00000054   Code   RO          908    i.ble_nus_string_send  ble_nus.o
    0x0001c230   0x0001c230   0x0000000e   Code   RO          853    i.ble_srv_is_notification_enabled  ble_srv_common.o
    0x0001c23e   0x0001c23e   0x00000002   PAD
    0x0001c240   0x0001c240   0x0000000c   Code   RO          265    i.bsp_board_button_idx_to_pin  boards.o
    0x0001c24c   0x0001c24c   0x00000020   Code   RO          266    i.bsp_board_button_state_get  boards.o
    0x0001c26c   0x0001c26c   0x00000020   Code   RO          269    i.bsp_board_led_invert  boards.o
    0x0001c28c   0x0001c28c   0x00000014   Code   RO          270    i.bsp_board_led_off  boards.o
    0x0001c2a0   0x0001c2a0   0x00000014   Code   RO          271    i.bsp_board_led_on  boards.o
    0x0001c2b4   0x0001c2b4   0x00000020   Code   RO          272    i.bsp_board_led_state_get  boards.o
    0x0001c2d4   0x0001c2d4   0x00000028   Code   RO          273    i.bsp_board_leds_init  boards.o
    0x0001c2fc   0x0001c2fc   0x00000012   Code   RO          274    i.bsp_board_leds_off  boards.o
    0x0001c30e   0x0001c30e   0x00000012   Code   RO          275    i.bsp_board_leds_on  boards.o
    0x0001c320   0x0001c320   0x00000024   Code   RO          276    i.bsp_board_pin_to_button_idx  boards.o
    0x0001c344   0x0001c344   0x00000040   Code   RO          491    i.bsp_btn_ble_init  bsp_btn_ble.o
    0x0001c384   0x0001c384   0x00000078   Code   RO          492    i.bsp_btn_ble_on_ble_evt  bsp_btn_ble.o
    0x0001c3fc   0x0001c3fc   0x00000022   Code   RO          493    i.bsp_btn_ble_sleep_mode_prepare  bsp_btn_ble.o
    0x0001c41e   0x0001c41e   0x00000002   PAD
    0x0001c420   0x0001c420   0x00000094   Code   RO          378    i.bsp_button_event_handler  bsp.o
    0x0001c4b4   0x0001c4b4   0x00000008   Code   RO          379    i.bsp_button_is_pressed  bsp.o
    0x0001c4bc   0x0001c4bc   0x00000044   Code   RO            5    i.bsp_event_handler  main.o
    0x0001c500   0x0001c500   0x00000048   Code   RO          382    i.bsp_event_to_button_action_assign  bsp.o
    0x0001c548   0x0001c548   0x0000001c   Code   RO          383    i.bsp_indication_set  bsp.o
    0x0001c564   0x0001c564   0x00000098   Code   RO          384    i.bsp_init          bsp.o
    0x0001c5fc   0x0001c5fc   0x00000180   Code   RO          385    i.bsp_led_indication  bsp.o
    0x0001c77c   0x0001c77c   0x00000010   Code   RO          387    i.bsp_wakeup_button_enable  bsp.o
    0x0001c78c   0x0001c78c   0x0000000c   Code   RO          388    i.button_timer_handler  bsp.o
    0x0001c798   0x0001c798   0x0000001c   Code   RO         1162    i.channel_free      nrf_drv_gpiote.o
    0x0001c7b4   0x0001c7b4   0x00000048   Code   RO         1163    i.channel_port_alloc  nrf_drv_gpiote.o
    0x0001c7fc   0x0001c7fc   0x00000010   Code   RO         1164    i.channel_port_get  nrf_drv_gpiote.o
    0x0001c80c   0x0001c80c   0x00000020   Code   RO         1999    i.check_config      fstorage.o
    0x0001c82c   0x0001c82c   0x00000028   Code   RO          950    i.clock_clk_started_notify  nrf_drv_clock.o
    0x0001c854   0x0001c854   0x000000a8   Code   RO         1758    i.compare_reg_update  app_timer.o
    0x0001c8fc   0x0001c8fc   0x00000088   Code   RO          611    i.conn_int_encode   ble_advdata.o
    0x0001c984   0x0001c984   0x00000008   Code   RO            6    i.conn_params_error_handler  main.o
    0x0001c98c   0x0001c98c   0x00000068   Code   RO          790    i.conn_params_negotiation  ble_conn_params.o
    0x0001c9f4   0x0001c9f4   0x0000008c   Code   RO         2181    i.delete_execute    fds.o
    0x0001ca80   0x0001ca80   0x00000060   Code   RO         1557    i.detection_delay_timeout_handler  app_button.o
    0x0001cae0   0x0001cae0   0x00000040   Code   RO         1759    i.elapsed_ticks_acquire  app_timer.o
    0x0001cb20   0x0001cb20   0x0000006a   Code   RO         2182    i.event_prepare     fds.o
    0x0001cb8a   0x0001cb8a   0x00000002   PAD
    0x0001cb8c   0x0001cb8c   0x00000020   Code   RO         2183    i.event_send        fds.o
    0x0001cbac   0x0001cbac   0x00000014   Code   RO         1686    i.fifo_get          app_fifo.o
    0x0001cbc0   0x0001cbc0   0x00000012   Code   RO         1687    i.fifo_put          app_fifo.o
    0x0001cbd2   0x0001cbd2   0x00000002   PAD
    0x0001cbd4   0x0001cbd4   0x00000010   Code   RO         2203    i.flag_clear        fds.o
    0x0001cbe4   0x0001cbe4   0x00000010   Code   RO         2204    i.flag_set          fds.o
    0x0001cbf4   0x0001cbf4   0x0000000e   Code   RO         2141    i.fputc             retarget.o
    0x0001cc02   0x0001cc02   0x00000002   PAD
    0x0001cc04   0x0001cc04   0x0000007c   Code   RO         2000    i.fs_erase          fstorage.o
    0x0001cc80   0x0001cc80   0x0000000a   Code   RO         2205    i.fs_event_handler  fds.o
    0x0001cc8a   0x0001cc8a   0x00000002   PAD
    0x0001cc8c   0x0001cc8c   0x00000018   Code   RO         2005    i.fs_queued_op_count_get  fstorage.o
    0x0001cca4   0x0001cca4   0x00000084   Code   RO         2006    i.fs_store          fstorage.o
    0x0001cd28   0x0001cd28   0x00000070   Code   RO         2206    i.gc_execute        fds.o
    0x0001cd98   0x0001cd98   0x0000004c   Code   RO         2207    i.gc_next_page      fds.o
    0x0001cde4   0x0001cde4   0x0000004c   Code   RO         2208    i.gc_page_erase     fds.o
    0x0001ce30   0x0001ce30   0x00000034   Code   RO         2209    i.gc_record_copy    fds.o
    0x0001ce64   0x0001ce64   0x00000020   Code   RO         2210    i.gc_record_find_next  fds.o
    0x0001ce84   0x0001ce84   0x00000080   Code   RO         2211    i.gc_state_advance  fds.o
    0x0001cf04   0x0001cf04   0x00000050   Code   RO         1558    i.gpiote_event_handler  app_button.o
    0x0001cf54   0x0001cf54   0x0000001c   Code   RO         2212    i.header_is_valid   fds.o
    0x0001cf70   0x0001cf70   0x000000c0   Code   RO         2213    i.init_execute      fds.o
    0x0001d030   0x0001d030   0x00000080   Code   RO         2671    i.intern_softdevice_events_execute  softdevice_handler.o
    0x0001d0b0   0x0001d0b0   0x0000001c   Code   RO          791    i.is_conn_params_ok  ble_conn_params.o
    0x0001d0cc   0x0001d0cc   0x00000048   Code   RO          573    i.is_manual_peripheral_setup_needed  system_nrf51.o
    0x0001d114   0x0001d114   0x0000000c   Code   RO         2214    i.is_word_aligned   fds.o
    0x0001d120   0x0001d120   0x00000018   Code   RO          389    i.leds_timer_handler  bsp.o
    0x0001d138   0x0001d138   0x000000ac   Code   RO         1760    i.list_deletions_handler  app_timer.o
    0x0001d1e4   0x0001d1e4   0x000000bc   Code   RO         1761    i.list_insertions_handler  app_timer.o
    0x0001d2a0   0x0001d2a0   0x000001fc   Code   RO            7    i.main              main.o
    0x0001d49c   0x0001d49c   0x00000068   Code   RO          612    i.manuf_specific_data_encode  ble_advdata.o
    0x0001d504   0x0001d504   0x0000009e   Code   RO          613    i.name_encode       ble_advdata.o
    0x0001d5a2   0x0001d5a2   0x00000010   Code   RO         1165    i.nrf_bitmask_bit_is_set  nrf_drv_gpiote.o
    0x0001d5b2   0x0001d5b2   0x00000010   Code   RO          954    i.nrf_clock_event_check  nrf_drv_clock.o
    0x0001d5c2   0x0001d5c2   0x00000002   PAD
    0x0001d5c4   0x0001d5c4   0x00000030   Code   RO         1762    i.nrf_delay_us      app_timer.o
    0x0001d5f4   0x0001d5f4   0x00000048   Code   RO          961    i.nrf_drv_clock_init  nrf_drv_clock.o
    0x0001d63c   0x0001d63c   0x00000034   Code   RO          968    i.nrf_drv_clock_on_sd_enable  nrf_drv_clock.o
    0x0001d670   0x0001d670   0x0000000c   Code   RO          969    i.nrf_drv_clock_on_soc_event  nrf_drv_clock.o
    0x0001d67c   0x0001d67c   0x00000060   Code   RO         1120    i.nrf_drv_common_irq_enable  nrf_drv_common.o
    0x0001d6dc   0x0001d6dc   0x00000098   Code   RO         1168    i.nrf_drv_gpiote_in_event_enable  nrf_drv_gpiote.o
    0x0001d774   0x0001d774   0x000000a8   Code   RO         1169    i.nrf_drv_gpiote_in_init  nrf_drv_gpiote.o
    0x0001d81c   0x0001d81c   0x00000014   Code   RO         1170    i.nrf_drv_gpiote_in_is_set  nrf_drv_gpiote.o
    0x0001d830   0x0001d830   0x0000005c   Code   RO         1172    i.nrf_drv_gpiote_init  nrf_drv_gpiote.o
    0x0001d88c   0x0001d88c   0x00000010   Code   RO         1173    i.nrf_drv_gpiote_is_init  nrf_drv_gpiote.o
    0x0001d89c   0x0001d89c   0x00000080   Code   RO         1379    i.nrf_drv_uart_init  nrf_drv_uart.o
    0x0001d91c   0x0001d91c   0x0000005c   Code   RO         1380    i.nrf_drv_uart_rx   nrf_drv_uart.o
    0x0001d978   0x0001d978   0x0000002c   Code   RO         1383    i.nrf_drv_uart_rx_enable  nrf_drv_uart.o
    0x0001d9a4   0x0001d9a4   0x000000a8   Code   RO         1384    i.nrf_drv_uart_rx_for_uart  nrf_drv_uart.o
    0x0001da4c   0x0001da4c   0x00000034   Code   RO         1385    i.nrf_drv_uart_tx   nrf_drv_uart.o
    0x0001da80   0x0001da80   0x0000008c   Code   RO         1387    i.nrf_drv_uart_tx_for_uart  nrf_drv_uart.o
    0x0001db0c   0x0001db0c   0x00000018   Code   RO         1388    i.nrf_drv_uart_tx_in_progress  nrf_drv_uart.o
    0x0001db24   0x0001db24   0x00000028   Code   RO          278    i.nrf_gpio_cfg      boards.o
    0x0001db4c   0x0001db4c   0x00000028   Code   RO         1185    i.nrf_gpio_cfg      nrf_drv_gpiote.o
    0x0001db74   0x0001db74   0x00000028   Code   RO         1390    i.nrf_gpio_cfg      nrf_drv_uart.o
    0x0001db9c   0x0001db9c   0x00000012   Code   RO         1392    i.nrf_gpio_cfg_input  nrf_drv_uart.o
    0x0001dbae   0x0001dbae   0x00000014   Code   RO         1393    i.nrf_gpio_cfg_output  nrf_drv_uart.o
    0x0001dbc2   0x0001dbc2   0x00000022   Code   RO          390    i.nrf_gpio_cfg_sense_set  bsp.o
    0x0001dbe4   0x0001dbe4   0x00000022   Code   RO         1187    i.nrf_gpio_cfg_sense_set  nrf_drv_gpiote.o
    0x0001dc06   0x0001dc06   0x00000002   PAD
    0x0001dc08   0x0001dc08   0x00000018   Code   RO          279    i.nrf_gpio_pin_write  boards.o
    0x0001dc20   0x0001dc20   0x00000028   Code   RO         1188    i.nrf_gpio_ports_read  nrf_drv_gpiote.o
    0x0001dc48   0x0001dc48   0x00000010   Code   RO         1189    i.nrf_gpiote_event_clear  nrf_drv_gpiote.o
    0x0001dc58   0x0001dc58   0x00000014   Code   RO         1190    i.nrf_gpiote_event_is_set  nrf_drv_gpiote.o
    0x0001dc6c   0x0001dc6c   0x0000000a   Code   RO         1394    i.nrf_uart_event_check  nrf_drv_uart.o
    0x0001dc76   0x0001dc76   0x00000010   Code   RO         1395    i.nrf_uart_int_enable_check  nrf_drv_uart.o
    0x0001dc86   0x0001dc86   0x00000036   Code   RO            8    i.nus_data_handler  main.o
    0x0001dcbc   0x0001dcbc   0x00000020   Code   RO            9    i.on_adv_evt        main.o
    0x0001dcdc   0x0001dcdc   0x000000ec   Code   RO           10    i.on_ble_evt        main.o
    0x0001ddc8   0x0001ddc8   0x00000020   Code   RO           11    i.on_conn_params_evt  main.o
    0x0001dde8   0x0001dde8   0x00000012   Code   RO         2216    i.page_offsets_update  fds.o
    0x0001ddfa   0x0001ddfa   0x00000002   PAD
    0x0001ddfc   0x0001ddfc   0x0000001c   Code   RO         2218    i.page_tag_write_data  fds.o
    0x0001de18   0x0001de18   0x00000024   Code   RO         2219    i.page_tag_write_swap  fds.o
    0x0001de3c   0x0001de3c   0x00000018   Code   RO         1191    i.pin_in_use_by_port  nrf_drv_gpiote.o
    0x0001de54   0x0001de54   0x00000018   Code   RO         1192    i.pin_in_use_by_te  nrf_drv_gpiote.o
    0x0001de6c   0x0001de6c   0x00000038   Code   RO         2010    i.queue_get_next_free  fstorage.o
    0x0001dea4   0x0001dea4   0x0000006c   Code   RO         2011    i.queue_process     fstorage.o
    0x0001df10   0x0001df10   0x000000b8   Code   RO         2221    i.queue_process     fds.o
    0x0001dfc8   0x0001dfc8   0x0000001c   Code   RO         2012    i.queue_start       fstorage.o
    0x0001dfe4   0x0001dfe4   0x00000084   Code   RO         2223    i.record_find       fds.o
    0x0001e068   0x0001e068   0x000000a0   Code   RO         2224    i.record_find_by_desc  fds.o
    0x0001e108   0x0001e108   0x00000054   Code   RO         2225    i.record_find_next  fds.o
    0x0001e15c   0x0001e15c   0x00000038   Code   RO         2226    i.record_header_flag_dirty  fds.o
    0x0001e194   0x0001e194   0x0000005c   Code   RO         2227    i.record_write_chunk  fds.o
    0x0001e1f0   0x0001e1f0   0x00000044   Code   RO         1763    i.rtc1_stop         app_timer.o
    0x0001e234   0x0001e234   0x00000026   Code   RO         1396    i.rx_byte           nrf_drv_uart.o
    0x0001e25a   0x0001e25a   0x0000009e   Code   RO          909    i.rx_char_add       ble_nus.o
    0x0001e2f8   0x0001e2f8   0x00000014   Code   RO         1397    i.rx_done_event     nrf_drv_uart.o
    0x0001e30c   0x0001e30c   0x0000001a   Code   RO         1398    i.rx_enable         nrf_drv_uart.o
    0x0001e326   0x0001e326   0x00000002   PAD
    0x0001e328   0x0001e328   0x00000084   Code   RO         2673    i.sd_nvic_EnableIRQ  softdevice_handler.o
    0x0001e3ac   0x0001e3ac   0x00000048   Code   RO         2013    i.send_event        fstorage.o
    0x0001e3f4   0x0001e3f4   0x0000008e   Code   RO          614    i.service_data_encode  ble_advdata.o
    0x0001e482   0x0001e482   0x00000002   PAD
    0x0001e484   0x0001e484   0x00000058   Code   RO          701    i.set_adv_mode_fast  ble_advertising.o
    0x0001e4dc   0x0001e4dc   0x00000054   Code   RO          702    i.set_adv_mode_slow  ble_advertising.o
    0x0001e530   0x0001e530   0x00000028   Code   RO           12    i.sleep_mode_enter  main.o
    0x0001e558   0x0001e558   0x00000014   Code   RO         2674    i.softdevice_ble_evt_handler_set  softdevice_handler.o
    0x0001e56c   0x0001e56c   0x00000014   Code   RO         2675    i.softdevice_enable  softdevice_handler.o
    0x0001e580   0x0001e580   0x00000028   Code   RO         2676    i.softdevice_enable_get_default_config  softdevice_handler.o
    0x0001e5a8   0x0001e5a8   0x00000008   Code   RO         2677    i.softdevice_fault_handler  softdevice_handler.o
    0x0001e5b0   0x0001e5b0   0x00000058   Code   RO         2678    i.softdevice_handler_init  softdevice_handler.o
    0x0001e608   0x0001e608   0x0000000c   Code   RO         2679    i.softdevice_handler_is_enabled  softdevice_handler.o
    0x0001e614   0x0001e614   0x00000084   Code   RO         1764    i.timer_list_handler  app_timer.o
    0x0001e698   0x0001e698   0x00000010   Code   RO         1765    i.timer_list_handler_sched  app_timer.o
    0x0001e6a8   0x0001e6a8   0x00000040   Code   RO         1766    i.timer_list_insert  app_timer.o
    0x0001e6e8   0x0001e6e8   0x00000048   Code   RO         1767    i.timer_stop_op_schedule  app_timer.o
    0x0001e730   0x0001e730   0x00000080   Code   RO         1768    i.timer_timeouts_check  app_timer.o
    0x0001e7b0   0x0001e7b0   0x0000001e   Code   RO         1399    i.tx_byte           nrf_drv_uart.o
    0x0001e7ce   0x0001e7ce   0x00000080   Code   RO          910    i.tx_char_add       ble_nus.o
    0x0001e84e   0x0001e84e   0x00000018   Code   RO         1400    i.tx_done_event     nrf_drv_uart.o
    0x0001e866   0x0001e866   0x00000002   PAD
    0x0001e868   0x0001e868   0x00000060   Code   RO           13    i.uart_event_handle  main.o
    0x0001e8c8   0x0001e8c8   0x000000a8   Code   RO         1898    i.uart_event_handler  app_uart_fifo.o
    0x0001e970   0x0001e970   0x00000128   Code   RO         1401    i.uart_irq_handler  nrf_drv_uart.o
    0x0001ea98   0x0001ea98   0x0000000a   Code   RO          615    i.uint16_encode     ble_advdata.o
    0x0001eaa2   0x0001eaa2   0x00000002   PAD
    0x0001eaa4   0x0001eaa4   0x00000064   Code   RO          792    i.update_timeout_handler  ble_conn_params.o
    0x0001eb08   0x0001eb08   0x0000002c   Code   RO         1769    i.user_op_alloc     app_timer.o
    0x0001eb34   0x0001eb34   0x00000030   Code   RO          616    i.uuid_list_encode  ble_advdata.o
    0x0001eb64   0x0001eb64   0x000000ae   Code   RO          617    i.uuid_list_sized_encode  ble_advdata.o
    0x0001ec12   0x0001ec12   0x00000002   PAD
    0x0001ec14   0x0001ec14   0x00000018   Code   RO          703    i.whitelist_has_entries  ble_advertising.o
    0x0001ec2c   0x0001ec2c   0x000000f4   Code   RO         2229    i.write_execute     fds.o
    0x0001ed20   0x0001ed20   0x0000001c   Data   RO           15    .constdata          main.o
    0x0001ed3c   0x0001ed3c   0x00000008   Data   RO          280    .constdata          boards.o
    0x0001ed44   0x0001ed44   0x0000002c   Data   RO          395    .constdata          bsp.o
    0x0001ed70   0x0001ed70   0x00000004   Data   RO          795    .constdata          ble_conn_params.o
    0x0001ed74   0x0001ed74   0x00000010   Data   RO          911    .constdata          ble_nus.o
    0x0001ed84   0x0001ed84   0x00000004   Data   RO         1194    .constdata          nrf_drv_gpiote.o
    0x0001ed88   0x0001ed88   0x00000008   Data   RO         1560    .constdata          app_button.o
    0x0001ed90   0x0001ed90   0x00000020   Data   RO         1900    .constdata          app_uart_fifo.o
    0x0001edb0   0x0001edb0   0x00000014   Data   RO         2233    .constdata          fds.o
    0x0001edc4   0x0001edc4   0x00000020   Data   RO         3116    Region$$Table       anon$$obj.o


    Execution Region RW_IRAM1 (Exec base: 0x20001fe8, Load base: 0x0001ede4, Size: 0x000010c0, Max: 0x00006018, ABSOLUTE, COMPRESSED[0x00000034])

    Exec Addr    Load Addr    Size         Type   Attr      Idx    E Section Name        Object

    0x20001fe8   COMPRESSED   0x00000046   Data   RW           16    .data               main.o
    0x2000202e   COMPRESSED   0x00000002   PAD
    0x20002030   COMPRESSED   0x00000014   Data   RW          396    .data               bsp.o
    0x20002044   COMPRESSED   0x00000008   Data   RW          494    .data               bsp_btn_ble.o
    0x2000204c   COMPRESSED   0x00000004   Data   RW          574    .data               system_nrf51.o
    0x20002050   COMPRESSED   0x00000030   Data   RW          707    .data               ble_advertising.o
    0x20002080   COMPRESSED   0x00000014   Data   RW          796    .data               ble_conn_params.o
    0x20002094   COMPRESSED   0x00000014   Data   RW         1561    .data               app_button.o
    0x200020a8   COMPRESSED   0x00000020   Data   RW         1770    .data               app_timer.o
    0x200020c8   COMPRESSED   0x00000010   Data   RW         1901    .data               app_uart_fifo.o
    0x200020d8   COMPRESSED   0x0000000c   Data   RW         1956    .data               app_util_platform.o
    0x200020e4   COMPRESSED   0x00000002   Data   RW         2015    .data               fstorage.o
    0x200020e6   COMPRESSED   0x00000002   PAD
    0x200020e8   COMPRESSED   0x00000004   Data   RW         2142    .data               retarget.o
    0x200020ec   COMPRESSED   0x00000018   Data   RW         2234    .data               fds.o
    0x20002104   COMPRESSED   0x00000014   Data   RW         2685    .data               softdevice_handler.o
    0x20002118   COMPRESSED   0x00000010   Data   RW         2235    fs_data             fds.o
    0x20002128        -       0x000002f0   Zero   RW           14    .bss                main.o
    0x20002418        -       0x00000020   Zero   RW          391    .bss                bsp.o
    0x20002438        -       0x00000020   Zero   RW          392    .bss                bsp.o
    0x20002458        -       0x0000000c   Zero   RW          393    .bss                bsp.o
    0x20002464        -       0x00000020   Zero   RW          394    .bss                bsp.o
    0x20002484        -       0x0000016b   Zero   RW          704    .bss                ble_advertising.o
    0x200025ef   COMPRESSED   0x00000001   PAD
    0x200025f0        -       0x00000020   Zero   RW          705    .bss                ble_advertising.o
    0x20002610        -       0x00000020   Zero   RW          706    .bss                ble_advertising.o
    0x20002630        -       0x00000020   Zero   RW          793    .bss                ble_conn_params.o
    0x20002650        -       0x0000001c   Zero   RW          794    .bss                ble_conn_params.o
    0x2000266c        -       0x00000014   Zero   RW          971    .bss                nrf_drv_clock.o
    0x20002680        -       0x00000048   Zero   RW         1193    .bss                nrf_drv_gpiote.o
    0x200026c8        -       0x0000001c   Zero   RW         1402    .bss                nrf_drv_uart.o
    0x200026e4        -       0x00000020   Zero   RW         1559    .bss                app_button.o
    0x20002704        -       0x00000020   Zero   RW         1899    .bss                app_uart_fifo.o
    0x20002724        -       0x00000068   Zero   RW         2014    .bss                fstorage.o
    0x2000278c        -       0x0000011c   Zero   RW         2232    .bss                fds.o
    0x200028a8        -       0x00000800   Zero   RW          562    STACK               arm_startup_nrf51.o


==============================================================================

Image component sizes


      Code (inc. data)   RO Data    RW Data    ZI Data      Debug   Object Name

       328         34          8         20         32       9338   app_button.o
        24          4          0          0          0       2261   app_error.o
        28         10          0          0          0       7394   app_error_weak.o
       122          0          0          0          0       5138   app_fifo.o
      1612        158          0         32          0      44375   app_timer.o
       464         44         32         16         32      10710   app_uart_fifo.o
       104         20          0         12          0       6842   app_util_platform.o
        56         18        192          0       2048        792   arm_startup_nrf51.o
      1368          6          0          0          0      31220   ble_advdata.o
      1060         72          0         48        427      11772   ble_advertising.o
       460         60          4         20         60       5864   ble_conn_params.o
       566         12         16          0          0       5838   ble_nus.o
        14          0          0          0          0       1518   ble_srv_common.o
       324         58          8          0          0      13080   boards.o
       914         86         44         20        108      14763   bsp.o
       278         12          0          8          0       5069   bsp_btn_ble.o
      2062        248         20         40        284      30047   fds.o
       576         42          0          2        104       9734   fstorage.o
      1114        102         28         70        752     113724   main.o
       276         38          0          0         20      12348   nrf_drv_clock.o
        96         18          0          0          0       7616   nrf_drv_common.o
      1154        100          4          0         72      28964   nrf_drv_gpiote.o
      1338         52          0          0         28      31282   nrf_drv_uart.o
        14          0          0          4          0       3014   retarget.o
       508         66          0         20          0      22147   softdevice_handler.o
       232         36          0          4          0       2619   system_nrf51.o

    ----------------------------------------------------------------------
     15124       1296        388        320       3968     437469   Object Totals
         0          0         32          0          0          0   (incl. Generated)
        32          0          0          4          1          0   (incl. Padding)

    ----------------------------------------------------------------------

      Code (inc. data)   RO Data    RW Data    ZI Data      Debug   Library Member Name

        58          0          0          0          0          0   __dczerorl.o
         0          0          0          0          0          0   entry.o
         0          0          0          0          0          0   entry10a.o
         0          0          0          0          0          0   entry11a.o
         4          0          0          0          0          0   entry12b.o
         8          4          0          0          0          0   entry2.o
         4          0          0          0          0          0   entry5.o
         0          0          0          0          0          0   entry7b.o
         0          0          0          0          0          0   entry8b.o
         8          4          0          0          0          0   entry9a.o
        30          0          0          0          0          0   handlers.o
        36          8          0          0          0         68   init.o
        36          0          0          0          0         60   memcpya.o
        36          0          0          0          0        100   memseta.o
        50          8          0          0          0        144   printfb.o
        14          0          0          0          0         60   strlen.o
        44          0          0          0          0         72   uidiv.o

    ----------------------------------------------------------------------
       332         24          0          0          0        504   Library Totals
         4          0          0          0          0          0   (incl. Padding)

    ----------------------------------------------------------------------

      Code (inc. data)   RO Data    RW Data    ZI Data      Debug   Library Name

       328         24          0          0          0        504   mc_p.l

    ----------------------------------------------------------------------
       332         24          0          0          0        504   Library Totals

    ----------------------------------------------------------------------

==============================================================================


      Code (inc. data)   RO Data    RW Data    ZI Data      Debug   

     15456       1320        388        320       3968     429661   Grand Totals
     15456       1320        388         52       3968     429661   ELF Image Totals (compressed)
     15456       1320        388         52          0          0   ROM Totals

==============================================================================

    Total RO  Size (Code + RO Data)                15844 (  15.47kB)
    Total RW  Size (RW Data + ZI Data)              4288 (   4.19kB)
    Total ROM Size (Code + RO Data + RW Data)      15896 (  15.52kB)

==============================================================================

